<!doctype html public "-//w3c//dtd html 4.0 transitional//en">
<html><head>
<title>Static Call Graph - [.\Objects\ble_5_stack.axf]</title></head>
<body><HR>
<H1>Static Call Graph for image .\Objects\ble_5_stack.axf</H1><HR>
<BR><P>#&#060CALLGRAPH&#062# ARM Linker, 5060960: Last Updated: Tue Mar 08 15:32:19 2022
<BR><P>
<H3>Maximum Stack Usage =        592 bytes + Unknown(Cycles, Untraceable Function Pointers)</H3><H3>
Call chain for Maximum Stack Depth:</H3>
gatt_msg_default_handler &rArr; gatt_msg_default_handler_imp &rArr; gatt_store_peer_prf_info &rArr; prf_extract_svc_info_uuid_128 &rArr; attm_uuid_comp &rArr; attm_convert_to128
<P>
<H3>
Mutually Recursive functions
</H3> <LI><a href="#[243]">gapm_addr_renew_next_addr</a>&nbsp;&nbsp;&nbsp;&rArr;&nbsp;&nbsp;&nbsp;<a href="#[242]">gapm_addr_fsm</a><BR>
 <LI><a href="#[325]">smpc_tkdp_send_start</a>&nbsp;&nbsp;&nbsp;&rArr;&nbsp;&nbsp;&nbsp;<a href="#[328]">smpc_tkdp_send_continue</a><BR>
</UL>
<P>
<H3>
Function Pointers
</H3><UL>
 <LI><a href="#[12a]">BusFault_Handler</a> from syscall.txt(ABSOLUTE) referenced from app_boot_vectors.o(RESET)
 <LI><a href="#[12d]">DebugMon_Handler</a> from syscall.txt(ABSOLUTE) referenced from app_boot_vectors.o(RESET)
 <LI><a href="#[128]">HardFault_Handler_Ram</a> from app_boot_vectors.o(ram_code) referenced from app_boot_vectors.o(RESET)
 <LI><a href="#[129]">MemManage_Handler</a> from syscall.txt(ABSOLUTE) referenced from app_boot_vectors.o(RESET)
 <LI><a href="#[127]">NMI_Handler</a> from syscall.txt(ABSOLUTE) referenced from app_boot_vectors.o(RESET)
 <LI><a href="#[12e]">PendSV_Handler</a> from syscall.txt(ABSOLUTE) referenced from app_boot_vectors.o(RESET)
 <LI><a href="#[126]">Reset_Handler</a> from syscall.txt(ABSOLUTE) referenced from app_boot_vectors.o(RESET)
 <LI><a href="#[12c]">SVC_Handler</a> from app_boot_vectors.o(ram_code) referenced from app_boot_vectors.o(RESET)
 <LI><a href="#[12f]">SysTick_Handler</a> from syscall.txt(ABSOLUTE) referenced from app_boot_vectors.o(RESET)
 <LI><a href="#[12b]">UsageFault_Handler</a> from syscall.txt(ABSOLUTE) referenced from app_boot_vectors.o(RESET)
 <LI><a href="#[13d]">__asm___10_patch_rf_c_e73c1e89__rf_rssi_convert_patch</a> from patch_rf.o(ram_code) referenced from patch_rf.o(ram_code)
 <LI><a href="#[139]">adc_isr</a> from driver_adc.o(i.adc_isr) referenced from app_boot_vectors.o(RESET)
 <LI><a href="#[143]">adv_tx_free_imp</a> from patch_rf.o(ram_code) referenced from patch.o(.data)
 <LI><a href="#[32]">app_get_current_rssi_rsp</a> from app_task.o(i.app_get_current_rssi_rsp) referenced from app_task.o(.constdata)
 <LI><a href="#[149]">app_main</a> from entry.o(i.app_main) referenced from jump_table.o(jump_table_2)
 <LI><a href="#[23]">app_sec_msg_dflt_handler</a> from app_sec.o(i.app_sec_msg_dflt_handler) referenced from app_sec.o(.constdata)
 <LI><a href="#[d]">appm_adv_recv_gapm_cmp</a> from app.o(i.appm_adv_recv_gapm_cmp) referenced from app.o(i.appm_delete_act)
 <LI><a href="#[d]">appm_adv_recv_gapm_cmp</a> from app.o(i.appm_adv_recv_gapm_cmp) referenced from app.o(i.appm_set_advertising_data)
 <LI><a href="#[d]">appm_adv_recv_gapm_cmp</a> from app.o(i.appm_adv_recv_gapm_cmp) referenced from app.o(i.appm_set_per_adv_data)
 <LI><a href="#[d]">appm_adv_recv_gapm_cmp</a> from app.o(i.appm_adv_recv_gapm_cmp) referenced from app.o(i.appm_set_scan_response_data)
 <LI><a href="#[d]">appm_adv_recv_gapm_cmp</a> from app.o(i.appm_adv_recv_gapm_cmp) referenced from app.o(i.appm_start_advertising)
 <LI><a href="#[d]">appm_adv_recv_gapm_cmp</a> from app.o(i.appm_adv_recv_gapm_cmp) referenced from app.o(i.appm_stop_advertising)
 <LI><a href="#[f]">appm_conn_recv_gapm_cmp</a> from app_conn.o(i.appm_conn_recv_gapm_cmp) referenced from app_conn.o(i.appm_start_conn)
 <LI><a href="#[5]">appm_init_imp</a> from app.o(i.appm_init_imp) referenced from entry.o(i.app_main)
 <LI><a href="#[29]">appm_msg_handler</a> from app_task.o(i.appm_msg_handler) referenced from app_task.o(.constdata)
 <LI><a href="#[e]">appm_scan_recv_gapm_cmp</a> from app.o(i.appm_scan_recv_gapm_cmp) referenced from app.o(i.appm_delete_act)
 <LI><a href="#[11c]">attc_err_rsp_handler</a> from attc.o(i.attc_err_rsp_handler) referenced from attc.o(.constdata)
 <LI><a href="#[112]">attc_exc_mtu_rsp_handler</a> from attc.o(i.attc_exc_mtu_rsp_handler) referenced from attc.o(.constdata)
 <LI><a href="#[11b]">attc_exe_wr_rsp_handler</a> from attc.o(i.attc_exe_wr_rsp_handler) referenced from attc.o(.constdata)
 <LI><a href="#[114]">attc_find_by_type_rsp_handler</a> from attc.o(i.attc_find_by_type_rsp_handler) referenced from attc.o(.constdata)
 <LI><a href="#[113]">attc_find_info_rsp_handler</a> from attc.o(i.attc_find_info_rsp_handler) referenced from attc.o(.constdata)
 <LI><a href="#[11d]">attc_hdl_val_ntf_ind_handler</a> from attc.o(i.attc_hdl_val_ntf_ind_handler) referenced 2 times from attc.o(.constdata)
 <LI><a href="#[11a]">attc_prep_wr_rsp_handler</a> from attc.o(i.attc_prep_wr_rsp_handler) referenced from attc.o(.constdata)
 <LI><a href="#[116]">attc_rd_by_grp_type_rsp_handler</a> from attc.o(i.attc_rd_by_grp_type_rsp_handler) referenced from attc.o(.constdata)
 <LI><a href="#[115]">attc_rd_by_type_rsp_handler</a> from attc.o(i.attc_rd_by_type_rsp_handler) referenced from attc.o(.constdata)
 <LI><a href="#[118]">attc_rd_mult_rsp_handler</a> from attc.o(i.attc_rd_mult_rsp_handler) referenced from attc.o(.constdata)
 <LI><a href="#[117]">attc_rd_rsp_handler</a> from attc.o(i.attc_rd_rsp_handler) referenced 2 times from attc.o(.constdata)
 <LI><a href="#[119]">attc_wr_rsp_handler</a> from attc.o(i.attc_wr_rsp_handler) referenced from attc.o(.constdata)
 <LI><a href="#[b4]">atts_execute_write_req</a> from atts.o(i.atts_execute_write_req) referenced from atts.o(.constdata)
 <LI><a href="#[aa]">atts_find_by_type_req</a> from atts.o(i.atts_find_by_type_req) referenced from atts.o(.constdata)
 <LI><a href="#[a9]">atts_find_info_req</a> from atts.o(i.atts_find_info_req) referenced from atts.o(.constdata)
 <LI><a href="#[a8]">atts_mtu_exc_req</a> from atts.o(i.atts_mtu_exc_req) referenced from atts.o(.constdata)
 <LI><a href="#[b3]">atts_prepare_write_req</a> from atts.o(i.atts_prepare_write_req) referenced from atts.o(.constdata)
 <LI><a href="#[ae]">atts_read_blob_req</a> from atts.o(i.atts_read_blob_req) referenced from atts.o(.constdata)
 <LI><a href="#[ac]">atts_read_by_grp_type_req</a> from atts.o(i.atts_read_by_grp_type_req) referenced from atts.o(.constdata)
 <LI><a href="#[ab]">atts_read_by_type_req</a> from atts.o(i.atts_read_by_type_req) referenced from atts.o(.constdata)
 <LI><a href="#[af]">atts_read_mult_req</a> from atts.o(i.atts_read_mult_req) referenced from atts.o(.constdata)
 <LI><a href="#[ad]">atts_read_req</a> from atts.o(i.atts_read_req) referenced from atts.o(.constdata)
 <LI><a href="#[b0]">atts_write_cmd</a> from atts.o(i.atts_write_cmd) referenced from atts.o(.constdata)
 <LI><a href="#[b1]">atts_write_req</a> from atts.o(i.atts_write_req) referenced from atts.o(.constdata)
 <LI><a href="#[b2]">atts_write_signed</a> from atts.o(i.atts_write_signed) referenced from atts.o(.constdata)
 <LI><a href="#[10]">ble_bond_addr_resolve_cb</a> from user_bond_manage.o(i.ble_bond_addr_resolve_cb) referenced from user_bond_manage.o(i.ble_bond_check)
 <LI><a href="#[13e]">con_max_lat_calc_patch</a> from patch_rf.o(i.con_max_lat_calc_patch) referenced from patch.o(.data)
 <LI><a href="#[137]">exti_isr_ram</a> from driver_exti.o(ram_code) referenced from app_boot_vectors.o(RESET)
 <LI><a href="#[141]">frspim_rd</a> from entry.o(ram_code) referenced from patch.o(.data)
 <LI><a href="#[140]">frspim_wr</a> from entry.o(ram_code) referenced from patch.o(.data)
 <LI><a href="#[4f]">gapc_bond_cfm_handler</a> from gapc_task.o(i.gapc_bond_cfm_handler) referenced from gapc_task.o(.constdata)
 <LI><a href="#[4e]">gapc_bond_cmd_handler</a> from gapc_task.o(i.gapc_bond_cmd_handler) referenced from gapc_task.o(.constdata)
 <LI><a href="#[26]">gapc_bond_ind_handler</a> from app_sec.o(i.gapc_bond_ind_handler) referenced from app_sec.o(.constdata)
 <LI><a href="#[25]">gapc_bond_req_ind_handler</a> from app_sec.o(i.gapc_bond_req_ind_handler) referenced from app_sec.o(.constdata)
 <LI><a href="#[37]">gapc_cmp_evt_handler</a> from app_task.o(i.gapc_cmp_evt_handler) referenced 4 times from app_task.o(.constdata)
 <LI><a href="#[45]">gapc_connection_cfm_handler</a> from gapc_task.o(i.gapc_connection_cfm_handler) referenced from gapc_task.o(.constdata)
 <LI><a href="#[35]">gapc_connection_req_ind_handler</a> from app_task.o(i.gapc_connection_req_ind_handler) referenced from app_task.o(.constdata)
 <LI><a href="#[43]">gapc_default_msg_handler</a> from gapc_task.o(i.gapc_default_msg_handler) referenced from gapc_task.o(.constdata)
 <LI><a href="#[44]">gapc_disconnect_cmd_handler</a> from gapc_task.o(i.gapc_disconnect_cmd_handler) referenced from gapc_task.o(.constdata)
 <LI><a href="#[38]">gapc_disconnect_ind_handler</a> from app_task.o(i.gapc_disconnect_ind_handler) referenced from app_task.o(.constdata)
 <LI><a href="#[51]">gapc_encrypt_cfm_handler</a> from gapc_task.o(i.gapc_encrypt_cfm_handler) referenced from gapc_task.o(.constdata)
 <LI><a href="#[50]">gapc_encrypt_cmd_handler</a> from gapc_task.o(i.gapc_encrypt_cmd_handler) referenced from gapc_task.o(.constdata)
 <LI><a href="#[28]">gapc_encrypt_ind_handler</a> from app_sec.o(i.gapc_encrypt_ind_handler) referenced from app_sec.o(.constdata)
 <LI><a href="#[27]">gapc_encrypt_req_ind_handler</a> from app_sec.o(i.gapc_encrypt_req_ind_handler) referenced from app_sec.o(.constdata)
 <LI><a href="#[5a]">gapc_gen_dh_key_ind_handler</a> from gapc_task.o(i.gapc_gen_dh_key_ind_handler) referenced from gapc_task.o(.constdata)
 <LI><a href="#[4]">gapc_get_conidx_imp</a> from gapc.o(i.gapc_get_conidx_imp) referenced from entry.o(i.app_main)
 <LI><a href="#[5f]">gapc_get_dev_info_cfm_handler</a> from gapc_task.o(i.gapc_get_dev_info_cfm_handler) referenced from gapc_task.o(.constdata)
 <LI><a href="#[33]">gapc_get_dev_info_req_ind_handler</a> from app_task.o(i.gapc_get_dev_info_req_ind_handler) referenced from app_task.o(.constdata)
 <LI><a href="#[46]">gapc_get_info_cmd_handler</a> from gapc_task.o(i.gapc_get_info_cmd_handler) referenced from gapc_task.o(.constdata)
 <LI><a href="#[61]">gapc_hci_handler</a> from gapc_hci.o(i.gapc_hci_handler) referenced 4 times from gapc_task.o(.constdata)
 <LI><a href="#[5b]">gapc_key_press_notification_cmd_handler</a> from gapc_task.o(i.gapc_key_press_notification_cmd_handler) referenced from gapc_task.o(.constdata)
 <LI><a href="#[4a]">gapc_param_update_cfm_handler</a> from gapc_task.o(i.gapc_param_update_cfm_handler) referenced from gapc_task.o(.constdata)
 <LI><a href="#[49]">gapc_param_update_cmd_handler</a> from gapc_task.o(i.gapc_param_update_cmd_handler) referenced from gapc_task.o(.constdata)
 <LI><a href="#[36]">gapc_param_update_req_ind_handler</a> from app_task.o(i.gapc_param_update_req_ind_handler) referenced from app_task.o(.constdata)
 <LI><a href="#[94]">gapc_peer_att_info_ind_handler</a> from gapm_init.o(i.gapc_peer_att_info_ind_handler) referenced from gapm_task.o(.constdata)
 <LI><a href="#[3a]">gapc_peer_features_ind_handler</a> from app_task.o(i.gapc_peer_features_ind_handler) referenced from app_task.o(.constdata)
 <LI><a href="#[39]">gapc_peer_ver_ind_handler</a> from app_task.o(i.gapc_peer_ver_ind_handler) referenced from app_task.o(.constdata)
 <LI><a href="#[52]">gapc_security_cmd_handler</a> from gapc_task.o(i.gapc_security_cmd_handler) referenced from gapc_task.o(.constdata)
 <LI><a href="#[24]">gapc_security_ind_handler</a> from app_sec.o(i.gapc_security_ind_handler) referenced from app_sec.o(.constdata)
 <LI><a href="#[60]">gapc_set_dev_info_cfm_handler</a> from gapc_task.o(i.gapc_set_dev_info_cfm_handler) referenced from gapc_task.o(.constdata)
 <LI><a href="#[34]">gapc_set_dev_info_req_ind_handler</a> from app_task.o(i.gapc_set_dev_info_req_ind_handler) referenced from app_task.o(.constdata)
 <LI><a href="#[62]">gapc_set_le_ping_to_handler</a> from gapc_task.o(i.gapc_set_le_ping_to_handler) referenced from gapc_task.o(.constdata)
 <LI><a href="#[63]">gapc_set_le_pkt_size_handler</a> from gapc_task.o(i.gapc_set_le_pkt_size_handler) referenced from gapc_task.o(.constdata)
 <LI><a href="#[64]">gapc_set_phy_cmd_handler</a> from gapc_task.o(i.gapc_set_phy_cmd_handler) referenced from gapc_task.o(.constdata)
 <LI><a href="#[4d]">gapc_set_pref_slave_latency_cmd_handler</a> from gapc_task.o(i.gapc_set_pref_slave_latency_cmd_handler) referenced from gapc_task.o(.constdata)
 <LI><a href="#[53]">gapc_sign_cmd_handler</a> from gapc_task.o(i.gapc_sign_cmd_handler) referenced from gapc_task.o(.constdata)
 <LI><a href="#[cc]">gapc_sign_ind_handler</a> from gattc_task.o(i.gapc_sign_ind_handler) referenced from gattc_task.o(.constdata)
 <LI><a href="#[59]">gapc_smp_rep_attempts_timer_handler</a> from gapc_task.o(i.gapc_smp_rep_attempts_timer_handler) referenced from gapc_task.o(.constdata)
 <LI><a href="#[58]">gapc_smp_timeout_timer_ind_handler</a> from gapc_task.o(i.gapc_smp_timeout_timer_ind_handler) referenced from gapc_task.o(.constdata)
 <LI><a href="#[4c]">gapc_update_conn_param_to_ind_handler</a> from gapc_task.o(i.gapc_update_conn_param_to_ind_handler) referenced from gapc_task.o(.constdata)
 <LI><a href="#[95]">gapm_activity_create_cmd_handler</a> from gapm_actv.o(i.gapm_activity_create_cmd_handler) referenced from gapm_task.o(.constdata)
 <LI><a href="#[2b]">gapm_activity_created_ind_handler</a> from app_task.o(i.gapm_activity_created_ind_handler) referenced from app_task.o(.constdata)
 <LI><a href="#[98]">gapm_activity_delete_cmd_handler</a> from gapm_actv.o(i.gapm_activity_delete_cmd_handler) referenced from gapm_task.o(.constdata)
 <LI><a href="#[96]">gapm_activity_start_cmd_handler</a> from gapm_actv.o(i.gapm_activity_start_cmd_handler) referenced from gapm_task.o(.constdata)
 <LI><a href="#[97]">gapm_activity_stop_cmd_handler</a> from gapm_actv.o(i.gapm_activity_stop_cmd_handler) referenced from gapm_task.o(.constdata)
 <LI><a href="#[2c]">gapm_activity_stopped_ind_handler</a> from app_task.o(i.gapm_activity_stopped_ind_handler) referenced from app_task.o(.constdata)
 <LI><a href="#[9b]">gapm_addr_renew_cmd_handler</a> from gapm_addr.o(i.gapm_addr_renew_cmd_handler) referenced from gapm_task.o(.constdata)
 <LI><a href="#[9c]">gapm_addr_renew_to_ind_handler</a> from gapm_addr.o(i.gapm_addr_renew_to_ind_handler) referenced from gapm_task.o(.constdata)
 <LI><a href="#[31]">gapm_addr_solved_ind_handler</a> from app_task.o(i.gapm_addr_solved_ind_handler) referenced from app_task.o(.constdata)
 <LI><a href="#[14]">gapm_adv_delete</a> from gapm_adv.o(i.gapm_adv_delete) referenced from gapm_adv.o(i.gapm_adv_create)
 <LI><a href="#[12]">gapm_adv_start</a> from gapm_adv.o(i.gapm_adv_start) referenced from gapm_adv.o(i.gapm_adv_create)
 <LI><a href="#[13]">gapm_adv_stop</a> from gapm_adv.o(i.gapm_adv_stop) referenced from gapm_adv.o(i.gapm_adv_create)
 <LI><a href="#[9a]">gapm_auto_conn_to_ind_handler</a> from gapm_init.o(i.gapm_auto_conn_to_ind_handler) referenced from gapm_task.o(.constdata)
 <LI><a href="#[2d]">gapm_cmp_evt_handler</a> from app_task.o(i.gapm_cmp_evt_handler) referenced 3 times from app_task.o(.constdata)
 <LI><a href="#[89]">gapm_default_msg_handler</a> from gapm_task.o(i.gapm_default_msg_handler) referenced from gapm_task.o(.constdata)
 <LI><a href="#[9d]">gapm_dev_bdaddr_ind_handler</a> from gapm_addr.o(i.gapm_dev_bdaddr_ind_handler) referenced from gapm_task.o(.constdata)
 <LI><a href="#[3b]">gapm_enc_block_ind_handler</a> from app_task.o(i.gapm_enc_block_ind_handler) referenced from app_task.o(.constdata)
 <LI><a href="#[2f]">gapm_ext_adv_report_ind_handler</a> from app_task.o(i.gapm_ext_adv_report_ind_handler) referenced from app_task.o(.constdata)
 <LI><a href="#[91]">gapm_gen_dh_key_cmd_handler</a> from gapm_smp.o(i.gapm_gen_dh_key_cmd_handler) referenced from gapm_task.o(.constdata)
 <LI><a href="#[8f]">gapm_gen_rand_addr_cmd_handler</a> from gapm_smp.o(i.gapm_gen_rand_addr_cmd_handler) referenced from gapm_task.o(.constdata)
 <LI><a href="#[2e]">gapm_gen_rand_nb_ind_handler</a> from app_task.o(i.gapm_gen_rand_nb_ind_handler) referenced 2 times from app_task.o(.constdata)
 <LI><a href="#[8d]">gapm_get_dev_info_cmd_handler</a> from gapm_cfg.o(i.gapm_get_dev_info_cmd_handler) referenced from gapm_task.o(.constdata)
 <LI><a href="#[92]">gapm_get_pub_key_cmd_handler</a> from gapm_smp.o(i.gapm_get_pub_key_cmd_handler) referenced from gapm_task.o(.constdata)
 <LI><a href="#[a0]">gapm_get_ral_addr_cmd_handler</a> from gapm_list.o(i.gapm_get_ral_addr_cmd_handler) referenced from gapm_task.o(.constdata)
 <LI><a href="#[a3]">gapm_hci_handler</a> from gapm_task.o(i.gapm_hci_handler) referenced 3 times from gapm_task.o(.constdata)
 <LI><a href="#[17]">gapm_init_delete</a> from gapm_init.o(i.gapm_init_delete) referenced from gapm_init.o(i.gapm_init_create)
 <LI><a href="#[15]">gapm_init_start</a> from gapm_init.o(i.gapm_init_start) referenced from gapm_init.o(i.gapm_init_create)
 <LI><a href="#[16]">gapm_init_stop</a> from gapm_init.o(i.gapm_init_stop) referenced from gapm_init.o(i.gapm_init_create)
 <LI><a href="#[a7]">gapm_le_test_mode_ctrl_cmd_handler</a> from gapm_cfg.o(i.gapm_le_test_mode_ctrl_cmd_handler) referenced from gapm_task.o(.constdata)
 <LI><a href="#[a5]">gapm_lepsm_register_cmd_handler</a> from gapm_cfg.o(i.gapm_lepsm_register_cmd_handler) referenced from gapm_task.o(.constdata)
 <LI><a href="#[a6]">gapm_lepsm_unregister_cmd_handler</a> from gapm_cfg.o(i.gapm_lepsm_unregister_cmd_handler) referenced from gapm_task.o(.constdata)
 <LI><a href="#[9f]">gapm_list_set_cmd_handler</a> from gapm_list.o(i.gapm_list_set_cmd_handler) referenced from gapm_task.o(.constdata)
 <LI><a href="#[1a]">gapm_per_sync_delete</a> from gapm_per_sync.o(i.gapm_per_sync_delete) referenced from gapm_per_sync.o(i.gapm_per_sync_create)
 <LI><a href="#[18]">gapm_per_sync_start</a> from gapm_per_sync.o(i.gapm_per_sync_start) referenced from gapm_per_sync.o(i.gapm_per_sync_create)
 <LI><a href="#[19]">gapm_per_sync_stop</a> from gapm_per_sync.o(i.gapm_per_sync_stop) referenced from gapm_per_sync.o(i.gapm_per_sync_create)
 <LI><a href="#[2a]">gapm_profile_added_ind_handler</a> from app_task.o(i.gapm_profile_added_ind_handler) referenced from app_task.o(.constdata)
 <LI><a href="#[a1]">gapm_profile_task_add_cmd_handler</a> from gapm_cfg.o(i.gapm_profile_task_add_cmd_handler) referenced from gapm_task.o(.constdata)
 <LI><a href="#[8a]">gapm_reset_cmd_handler</a> from gapm_cfg.o(i.gapm_reset_cmd_handler) referenced from gapm_task.o(.constdata)
 <LI><a href="#[8e]">gapm_resolv_addr_cmd_handler</a> from gapm_smp.o(i.gapm_resolv_addr_cmd_handler) referenced from gapm_task.o(.constdata)
 <LI><a href="#[1d]">gapm_scan_delete</a> from gapm_scan.o(i.gapm_scan_delete) referenced from gapm_scan.o(i.gapm_scan_create)
 <LI><a href="#[1b]">gapm_scan_start</a> from gapm_scan.o(i.gapm_scan_start) referenced from gapm_scan.o(i.gapm_scan_create)
 <LI><a href="#[1c]">gapm_scan_stop</a> from gapm_scan.o(i.gapm_scan_stop) referenced from gapm_scan.o(i.gapm_scan_create)
 <LI><a href="#[99]">gapm_set_adv_data_cmd_handler</a> from gapm_adv.o(i.gapm_set_adv_data_cmd_handler) referenced from gapm_task.o(.constdata)
 <LI><a href="#[8c]">gapm_set_channel_map_cmd_handler</a> from gapm_cfg.o(i.gapm_set_channel_map_cmd_handler) referenced from gapm_task.o(.constdata)
 <LI><a href="#[8b]">gapm_set_dev_config_cmd_handler</a> from gapm_cfg.o(i.gapm_set_dev_config_cmd_handler) referenced from gapm_task.o(.constdata)
 <LI><a href="#[a4]">gapm_set_irk_cmd_handler</a> from gapm_cfg.o(i.gapm_set_irk_cmd_handler) referenced from gapm_task.o(.constdata)
 <LI><a href="#[1e]">gapm_smp_encrypt_rsp</a> from gapm_smp.o(i.gapm_smp_encrypt_rsp) referenced from gapm_smp.o(i.gapm_smp_encrypt_req)
 <LI><a href="#[1f]">gapm_smp_rand_rsp</a> from gapm_smp.o(i.gapm_smp_rand_rsp) referenced from gapm_smp.o(i.gapm_smp_rand_req)
 <LI><a href="#[30]">gapm_sync_established_ind_handler</a> from app_task.o(i.gapm_sync_established_ind_handler) referenced from app_task.o(.constdata)
 <LI><a href="#[a2]">gapm_unknown_task_msg_handler</a> from gapm_task.o(i.gapm_unknown_task_msg_handler) referenced from gapm_task.o(.constdata)
 <LI><a href="#[90]">gapm_use_enc_block_cmd_handler</a> from gapm_smp.o(i.gapm_use_enc_block_cmd_handler) referenced 2 times from gapm_task.o(.constdata)
 <LI><a href="#[56]">gapm_use_enc_block_ind_handler</a> from gapc_task.o(i.gapm_use_enc_block_ind_handler) referenced from gapc_task.o(.constdata)
 <LI><a href="#[20]">gatt_msg_default_handler</a> from gatt_api.o(i.gatt_msg_default_handler) referenced from gatt_api.o(i.gatt_service_init)
 <LI><a href="#[148]">gatt_service_connection_cleanup</a> from gatt_api.o(i.gatt_service_connection_cleanup) referenced from gatt_api.o(.data)
 <LI><a href="#[147]">gatt_service_connection_created</a> from gatt_api.o(i.gatt_service_connection_created) referenced from gatt_api.o(.data)
 <LI><a href="#[146]">gatt_service_destroy</a> from gatt_api.o(i.gatt_service_destroy) referenced from gatt_api.o(.data)
 <LI><a href="#[145]">gatt_service_init</a> from gatt_api.o(i.gatt_service_init) referenced from gatt_api.o(.data)
 <LI><a href="#[c6]">gattc_att_info_cfm_handler</a> from gattc_task.o(i.gattc_att_info_cfm_handler) referenced from gattc_task.o(.constdata)
 <LI><a href="#[5d]">gattc_att_info_req_ind_handler</a> from gapc_task.o(i.gattc_att_info_req_ind_handler) referenced 2 times from gapc_task.o(.constdata)
 <LI><a href="#[48]">gattc_cmp_evt_handler</a> from gapc_task.o(i.gattc_cmp_evt_handler) referenced 2 times from gapc_task.o(.constdata)
 <LI><a href="#[b5]">gattc_default_msg_handler</a> from gattc_task.o(i.gattc_default_msg_handler) referenced from gattc_task.o(.constdata)
 <LI><a href="#[c3]">gattc_disc_char_desc_ind_handler</a> from gattc_task.o(i.gattc_disc_char_desc_ind_handler) referenced from gattc_task.o(.constdata)
 <LI><a href="#[c2]">gattc_disc_char_ind_handler</a> from gattc_task.o(i.gattc_disc_char_ind_handler) referenced from gattc_task.o(.constdata)
 <LI><a href="#[b7]">gattc_disc_cmd_handler</a> from gattc_task.o(i.gattc_disc_cmd_handler) referenced from gattc_task.o(.constdata)
 <LI><a href="#[c1]">gattc_disc_svc_incl_ind_handler</a> from gattc_task.o(i.gattc_disc_svc_incl_ind_handler) referenced from gattc_task.o(.constdata)
 <LI><a href="#[c0]">gattc_disc_svc_ind_handler</a> from gattc_task.o(i.gattc_disc_svc_ind_handler) referenced from gattc_task.o(.constdata)
 <LI><a href="#[ba]">gattc_event_cfm_handler</a> from gattc_task.o(i.gattc_event_cfm_handler) referenced from gattc_task.o(.constdata)
 <LI><a href="#[42]">gattc_event_ind_handler</a> from app_task.o(i.gattc_event_ind_handler) referenced from app_task.o(.constdata)
 <LI><a href="#[b6]">gattc_exc_mtu_cmd_handler</a> from gattc_task.o(i.gattc_exc_mtu_cmd_handler) referenced from gattc_task.o(.constdata)
 <LI><a href="#[bb]">gattc_execute_write_cmd_handler</a> from gattc_task.o(i.gattc_execute_write_cmd_handler) referenced from gattc_task.o(.constdata)
 <LI><a href="#[c4]">gattc_read_cfm_handler</a> from gattc_task.o(i.gattc_read_cfm_handler) referenced from gattc_task.o(.constdata)
 <LI><a href="#[b8]">gattc_read_cmd_handler</a> from gattc_task.o(i.gattc_read_cmd_handler) referenced from gattc_task.o(.constdata)
 <LI><a href="#[47]">gattc_read_ind_handler</a> from gapc_task.o(i.gattc_read_ind_handler) referenced from gapc_task.o(.constdata)
 <LI><a href="#[5e]">gattc_read_req_ind_handler</a> from gapc_task.o(i.gattc_read_req_ind_handler) referenced 2 times from gapc_task.o(.constdata)
 <LI><a href="#[bc]">gattc_reg_to_peer_evt_cmd_handler</a> from gattc_task.o(i.gattc_reg_to_peer_evt_cmd_handler) referenced from gattc_task.o(.constdata)
 <LI><a href="#[be]">gattc_sdp_svc_disc_cmd_handler</a> from gattc_task.o(i.gattc_sdp_svc_disc_cmd_handler) referenced from gattc_task.o(.constdata)
 <LI><a href="#[c8]">gattc_send_evt_cmd_handler</a> from gattc_task.o(i.gattc_send_evt_cmd_handler) referenced from gattc_task.o(.constdata)
 <LI><a href="#[c7]">gattc_send_svc_changed_cmd_handler</a> from gattc_task.o(i.gattc_send_svc_changed_cmd_handler) referenced from gattc_task.o(.constdata)
 <LI><a href="#[bd]">gattc_timeout_handler</a> from gattc_task.o(i.gattc_timeout_handler) referenced 2 times from gattc_task.o(.constdata)
 <LI><a href="#[c5]">gattc_write_cfm_handler</a> from gattc_task.o(i.gattc_write_cfm_handler) referenced from gattc_task.o(.constdata)
 <LI><a href="#[b9]">gattc_write_cmd_handler</a> from gattc_task.o(i.gattc_write_cmd_handler) referenced from gattc_task.o(.constdata)
 <LI><a href="#[5c]">gattc_write_req_ind_handler</a> from gapc_task.o(i.gattc_write_req_ind_handler) referenced 2 times from gapc_task.o(.constdata)
 <LI><a href="#[d0]">gattm_default_msg_handler</a> from gattm_task.o(i.gattm_default_msg_handler) referenced from gattm_task.o(.constdata)
 <LI><a href="#[db]">hci_acl_data_handler</a> from l2cc_task.o(i.hci_acl_data_handler) referenced from l2cc_task.o(.constdata)
 <LI><a href="#[f0]">hci_auth_payl_to_exp_evt_handler</a> from gapc_hci.o(i.hci_auth_payl_to_exp_evt_handler) referenced from gapc_hci.o(.constdata)
 <LI><a href="#[66]">hci_basic_cmd_cmp_evt_cfg_handler</a> from gapm_cfg.o(i.hci_basic_cmd_cmp_evt_cfg_handler) referenced 9 times from gapm_task.o(.constdata)
 <LI><a href="#[7d]">hci_basic_cmd_cmp_evt_rl_cfg_handler</a> from gapm_cfg.o(i.hci_basic_cmd_cmp_evt_rl_cfg_handler) referenced 2 times from gapm_task.o(.constdata)
 <LI><a href="#[e5]">hci_cmd_stat_event_handler</a> from gapc_hci.o(i.hci_cmd_stat_event_handler) referenced 5 times from gapc_hci.o(.constdata)
 <LI><a href="#[ee]">hci_disc_cmp_evt_handler</a> from gapc_hci.o(i.hci_disc_cmp_evt_handler) referenced from gapc_hci.o(.constdata)
 <LI><a href="#[f1]">hci_enc_chg_evt_handler</a> from gapc_hci.o(i.hci_enc_chg_evt_handler) referenced from gapc_hci.o(.constdata)
 <LI><a href="#[f2]">hci_enc_key_refr_evt_handler</a> from gapc_hci.o(i.hci_enc_key_refr_evt_handler) referenced from gapc_hci.o(.constdata)
 <LI><a href="#[87]">hci_le_adv_set_term_evt_handler</a> from gapm_adv.o(i.hci_le_adv_set_term_evt_handler) referenced from gapm_task.o(.constdata)
 <LI><a href="#[ec]">hci_le_ch_sel_algo_evt_handler</a> from gapc_hci.o(i.hci_le_ch_sel_algo_evt_handler) referenced from gapc_hci.o(.constdata)
 <LI><a href="#[79]">hci_le_cmd_cmp_evt_addr_handler</a> from gapm_addr.o(i.hci_le_cmd_cmp_evt_addr_handler) referenced 2 times from gapm_task.o(.constdata)
 <LI><a href="#[72]">hci_le_cmd_cmp_evt_adv_handler</a> from gapm_adv.o(i.hci_le_cmd_cmp_evt_adv_handler) referenced 9 times from gapm_task.o(.constdata)
 <LI><a href="#[78]">hci_le_cmd_cmp_evt_init_handler</a> from gapm_init.o(i.hci_le_cmd_cmp_evt_init_handler) referenced 2 times from gapm_task.o(.constdata)
 <LI><a href="#[71]">hci_le_cmd_cmp_evt_list_handler</a> from gapm_list.o(i.hci_le_cmd_cmp_evt_list_handler) referenced 7 times from gapm_task.o(.constdata)
 <LI><a href="#[76]">hci_le_cmd_cmp_evt_per_sync_handler</a> from gapm_per_sync.o(i.hci_le_cmd_cmp_evt_per_sync_handler) referenced 3 times from gapm_task.o(.constdata)
 <LI><a href="#[75]">hci_le_cmd_cmp_evt_scan_handler</a> from gapm_scan.o(i.hci_le_cmd_cmp_evt_scan_handler) referenced 2 times from gapm_task.o(.constdata)
 <LI><a href="#[e8]">hci_le_con_update_cmp_evt_handler</a> from gapc_hci.o(i.hci_le_con_update_cmp_evt_handler) referenced from gapc_hci.o(.constdata)
 <LI><a href="#[ea]">hci_le_data_len_chg_evt_handler</a> from gapc_hci.o(i.hci_le_data_len_chg_evt_handler) referenced from gapc_hci.o(.constdata)
 <LI><a href="#[84]">hci_le_enh_con_cmp_evt_handler</a> from gapm_actv.o(i.hci_le_enh_con_cmp_evt_handler) referenced from gapm_task.o(.constdata)
 <LI><a href="#[7f]">hci_le_ext_adv_report_evt_handler</a> from gapm_scan.o(i.hci_le_ext_adv_report_evt_handler) referenced from gapm_task.o(.constdata)
 <LI><a href="#[7e]">hci_le_gen_dhkey_stat_evt_handler</a> from gapm_smp.o(i.hci_le_gen_dhkey_stat_evt_handler) referenced from gapm_task.o(.constdata)
 <LI><a href="#[86]">hci_le_generate_dhkey_cmp_evt_handler</a> from gapm_smp.o(i.hci_le_generate_dhkey_cmp_evt_handler) referenced from gapm_task.o(.constdata)
 <LI><a href="#[ed]">hci_le_ltk_request_evt_handler</a> from gapc_hci.o(i.hci_le_ltk_request_evt_handler) referenced from gapc_hci.o(.constdata)
 <LI><a href="#[82]">hci_le_per_adv_report_evt_handler</a> from gapm_per_sync.o(i.hci_le_per_adv_report_evt_handler) referenced from gapm_task.o(.constdata)
 <LI><a href="#[81]">hci_le_per_adv_sync_est_evt_handler</a> from gapm_per_sync.o(i.hci_le_per_adv_sync_est_evt_handler) referenced from gapm_task.o(.constdata)
 <LI><a href="#[83]">hci_le_per_adv_sync_lost_evt_handler</a> from gapm_per_sync.o(i.hci_le_per_adv_sync_lost_evt_handler) referenced from gapm_task.o(.constdata)
 <LI><a href="#[eb]">hci_le_phy_upd_cmp_evt_handler</a> from gapc_hci.o(i.hci_le_phy_upd_cmp_evt_handler) referenced from gapc_hci.o(.constdata)
 <LI><a href="#[7a]">hci_le_rd_adv_chnl_tx_pw_cmd_cmp_evt_handler</a> from gapm_cfg.o(i.hci_le_rd_adv_chnl_tx_pw_cmd_cmp_evt_handler) referenced from gapm_task.o(.constdata)
 <LI><a href="#[68]">hci_le_rd_buff_size_cmd_cmp_evt_handler</a> from gapm_cfg.o(i.hci_le_rd_buff_size_cmd_cmp_evt_handler) referenced from gapm_task.o(.constdata)
 <LI><a href="#[85]">hci_le_rd_local_p256_public_key_cmp_evt_handler</a> from gapm_cfg.o(i.hci_le_rd_local_p256_public_key_cmp_evt_handler) referenced from gapm_task.o(.constdata)
 <LI><a href="#[6d]">hci_le_rd_max_data_len_cmd_cmp_evt_handler</a> from gapm_cfg.o(i.hci_le_rd_max_data_len_cmd_cmp_evt_handler) referenced from gapm_task.o(.constdata)
 <LI><a href="#[74]">hci_le_rd_nb_supp_adv_sets_cmd_cmp_evt_handler</a> from gapm_cfg.o(i.hci_le_rd_nb_supp_adv_sets_cmd_cmp_evt_handler) referenced from gapm_task.o(.constdata)
 <LI><a href="#[77]">hci_le_rd_pal_size_cmd_cmp_evt_handler</a> from gapm_list.o(i.hci_le_rd_pal_size_cmd_cmp_evt_handler) referenced from gapm_task.o(.constdata)
 <LI><a href="#[e2]">hci_le_rd_phy_cmd_cmp_evt_handler</a> from gapc_hci.o(i.hci_le_rd_phy_cmd_cmp_evt_handler) referenced from gapc_hci.o(.constdata)
 <LI><a href="#[7c]">hci_le_rd_ral_addr_cmd_cmp_evt_handler</a> from gapm_list.o(i.hci_le_rd_ral_addr_cmd_cmp_evt_handler) referenced 2 times from gapm_task.o(.constdata)
 <LI><a href="#[7b]">hci_le_rd_ral_size_cmd_cmp_evt_handler</a> from gapm_list.o(i.hci_le_rd_ral_size_cmd_cmp_evt_handler) referenced from gapm_task.o(.constdata)
 <LI><a href="#[e7]">hci_le_rd_rem_feats_cmp_evt_handler</a> from gapc_hci.o(i.hci_le_rd_rem_feats_cmp_evt_handler) referenced from gapc_hci.o(.constdata)
 <LI><a href="#[6f]">hci_le_rd_rf_path_comp_cmd_cmp_evt_handler</a> from gapm_cfg.o(i.hci_le_rd_rf_path_comp_cmd_cmp_evt_handler) referenced from gapm_task.o(.constdata)
 <LI><a href="#[6c]">hci_le_rd_suggted_dft_data_len_cmd_cmp_evt_handler</a> from gapm_cfg.o(i.hci_le_rd_suggted_dft_data_len_cmd_cmp_evt_handler) referenced from gapm_task.o(.constdata)
 <LI><a href="#[6e]">hci_le_rd_tx_pwr_cmd_cmp_evt_handler</a> from gapm_cfg.o(i.hci_le_rd_tx_pwr_cmd_cmp_evt_handler) referenced from gapm_task.o(.constdata)
 <LI><a href="#[70]">hci_le_rd_wlst_size_cmd_cmp_evt_handler</a> from gapm_list.o(i.hci_le_rd_wlst_size_cmd_cmp_evt_handler) referenced from gapm_task.o(.constdata)
 <LI><a href="#[73]">hci_le_read_max_adv_data_len_cmd_cmp_evt_handler</a> from gapm_cfg.o(i.hci_le_read_max_adv_data_len_cmd_cmp_evt_handler) referenced from gapm_task.o(.constdata)
 <LI><a href="#[e9]">hci_le_rem_con_param_req_evt_handler</a> from gapc_hci.o(i.hci_le_rem_con_param_req_evt_handler) referenced from gapc_hci.o(.constdata)
 <LI><a href="#[88]">hci_le_scan_req_rcvd_evt_handler</a> from gapm_adv.o(i.hci_le_scan_req_rcvd_evt_handler) referenced from gapm_task.o(.constdata)
 <LI><a href="#[80]">hci_le_scan_timeout_evt_handler</a> from gapm_scan.o(i.hci_le_scan_timeout_evt_handler) referenced from gapm_task.o(.constdata)
 <LI><a href="#[e1]">hci_le_set_data_len_cmd_cmp_evt_handler</a> from gapc_hci.o(i.hci_le_set_data_len_cmd_cmp_evt_handler) referenced from gapc_hci.o(.constdata)
 <LI><a href="#[e6]">hci_le_start_enc_stat_evt_handler</a> from gapc_hci.o(i.hci_le_start_enc_stat_evt_handler) referenced from gapc_hci.o(.constdata)
 <LI><a href="#[da]">hci_nb_cmp_pkts_evt_handler</a> from l2cc_task.o(i.hci_nb_cmp_pkts_evt_handler) referenced from l2cc_task.o(.constdata)
 <LI><a href="#[df]">hci_rd_auth_payl_to_cmd_cmp_evt_handler</a> from gapc_hci.o(i.hci_rd_auth_payl_to_cmd_cmp_evt_handler) referenced from gapc_hci.o(.constdata)
 <LI><a href="#[6b]">hci_rd_bd_addr_cmd_cmp_evt_handler</a> from gapm_cfg.o(i.hci_rd_bd_addr_cmd_cmp_evt_handler) referenced from gapm_task.o(.constdata)
 <LI><a href="#[69]">hci_rd_buff_size_cmd_cmp_evt_handler</a> from gapm_cfg.o(i.hci_rd_buff_size_cmd_cmp_evt_handler) referenced from gapm_task.o(.constdata)
 <LI><a href="#[de]">hci_rd_chnl_map_cmd_cmp_evt_handler</a> from gapc_hci.o(i.hci_rd_chnl_map_cmd_cmp_evt_handler) referenced from gapc_hci.o(.constdata)
 <LI><a href="#[6a]">hci_rd_local_ver_info_cmd_cmp_evt_handler</a> from gapm_cfg.o(i.hci_rd_local_ver_info_cmd_cmp_evt_handler) referenced from gapm_task.o(.constdata)
 <LI><a href="#[ef]">hci_rd_rem_ver_info_cmp_evt_handler</a> from gapc_hci.o(i.hci_rd_rem_ver_info_cmp_evt_handler) referenced from gapc_hci.o(.constdata)
 <LI><a href="#[dd]">hci_rd_rssi_cmd_cmp_evt_handler</a> from gapc_hci.o(i.hci_rd_rssi_cmd_cmp_evt_handler) referenced from gapc_hci.o(.constdata)
 <LI><a href="#[67]">hci_test_end_cmd_cmp_evt_handler</a> from gapm_cfg.o(i.hci_test_end_cmd_cmp_evt_handler) referenced from gapm_task.o(.constdata)
 <LI><a href="#[e4]">hci_vs_set_pref_slave_latency_cmd_cmp_evt_handler</a> from gapc_hci.o(i.hci_vs_set_pref_slave_latency_cmd_cmp_evt_handler) referenced from gapc_hci.o(.constdata)
 <LI><a href="#[e0]">hci_wr_auth_payl_to_cmd_cmp_evt_handler</a> from gapc_hci.o(i.hci_wr_auth_payl_to_cmd_cmp_evt_handler) referenced from gapc_hci.o(.constdata)
 <LI><a href="#[136]">i2s_isr_ram</a> from driver_i2s.o(ram_code) referenced from app_boot_vectors.o(RESET)
 <LI><a href="#[1]">jump_table_memmory_init</a> from jump_table.o(i.jump_table_memmory_init) referenced from jump_table.o(jump_table_2)
 <LI><a href="#[2]">jump_table_param_get</a> from jump_table.o(i.jump_table_param_get) referenced from jump_table.o(jump_table_4)
 <LI><a href="#[3]">jump_table_param_set</a> from jump_table.o(i.jump_table_param_set) referenced from jump_table.o(jump_table_4)
 <LI><a href="#[e3]">ke_msg_discard</a> from syscall.txt(ABSOLUTE) referenced 2 times from gapc_hci.o(.constdata)
 <LI><a href="#[f4]">l2c_code_conn_param_upd_req_handler</a> from gapc_sig.o(i.l2c_code_conn_param_upd_req_handler) referenced 2 times from gapc_sig.o(.constdata)
 <LI><a href="#[f5]">l2c_code_conn_param_upd_resp_handler</a> from gapc_sig.o(i.l2c_code_conn_param_upd_resp_handler) referenced 2 times from gapc_sig.o(.constdata)
 <LI><a href="#[121]">l2c_code_disconnection_req_handler</a> from l2cc_sig.o(i.l2c_code_disconnection_req_handler) referenced from l2cc_sig.o(.constdata)
 <LI><a href="#[122]">l2c_code_disconnection_resp_handler</a> from l2cc_sig.o(i.l2c_code_disconnection_resp_handler) referenced from l2cc_sig.o(.constdata)
 <LI><a href="#[123]">l2c_code_le_cb_conn_req_handler</a> from l2cc_sig.o(i.l2c_code_le_cb_conn_req_handler) referenced from l2cc_sig.o(.constdata)
 <LI><a href="#[124]">l2c_code_le_cb_conn_resp_handler</a> from l2cc_sig.o(i.l2c_code_le_cb_conn_resp_handler) referenced from l2cc_sig.o(.constdata)
 <LI><a href="#[125]">l2c_code_le_flow_control_credit_handler</a> from l2cc_sig.o(i.l2c_code_le_flow_control_credit_handler) referenced from l2cc_sig.o(.constdata)
 <LI><a href="#[f3]">l2c_code_reject_handler</a> from gapc_sig.o(i.l2c_code_reject_handler) referenced 2 times from gapc_sig.o(.constdata)
 <LI><a href="#[3e]">l2cc_cmp_evt_handler</a> from app_task.o(i.l2cc_cmp_evt_handler) referenced 3 times from app_task.o(.constdata)
 <LI><a href="#[d4]">l2cc_dbg_pdu_send_cmd_handler</a> from l2cc_task.o(i.l2cc_dbg_pdu_send_cmd_handler) referenced from l2cc_task.o(.constdata)
 <LI><a href="#[d1]">l2cc_default_msg_handler</a> from l2cc_task.o(i.l2cc_default_msg_handler) referenced from l2cc_task.o(.constdata)
 <LI><a href="#[d7]">l2cc_lecb_add_cmd_handler</a> from l2cc_task.o(i.l2cc_lecb_add_cmd_handler) referenced from l2cc_task.o(.constdata)
 <LI><a href="#[40]">l2cc_lecb_add_ind_handler</a> from app_task.o(i.l2cc_lecb_add_ind_handler) referenced from app_task.o(.constdata)
 <LI><a href="#[3d]">l2cc_lecb_con_ind_handler</a> from app_task.o(i.l2cc_lecb_con_ind_handler) referenced from app_task.o(.constdata)
 <LI><a href="#[3c]">l2cc_lecb_con_req_ind_handler</a> from app_task.o(i.l2cc_lecb_con_req_ind_handler) referenced from app_task.o(.constdata)
 <LI><a href="#[d6]">l2cc_lecb_connect_cfm_handler</a> from l2cc_task.o(i.l2cc_lecb_connect_cfm_handler) referenced from l2cc_task.o(.constdata)
 <LI><a href="#[d5]">l2cc_lecb_connect_cmd_handler</a> from l2cc_task.o(i.l2cc_lecb_connect_cmd_handler) referenced from l2cc_task.o(.constdata)
 <LI><a href="#[3f]">l2cc_lecb_discon_ind_handler</a> from app_task.o(i.l2cc_lecb_discon_ind_handler) referenced from app_task.o(.constdata)
 <LI><a href="#[d8]">l2cc_lecb_disconnect_cmd_handler</a> from l2cc_task.o(i.l2cc_lecb_disconnect_cmd_handler) referenced from l2cc_task.o(.constdata)
 <LI><a href="#[41]">l2cc_lecb_sdu_recv_ind_handler</a> from app_task.o(i.l2cc_lecb_sdu_recv_ind_handler) referenced from app_task.o(.constdata)
 <LI><a href="#[d3]">l2cc_lecb_sdu_send_cmd_handler</a> from l2cc_task.o(i.l2cc_lecb_sdu_send_cmd_handler) referenced from l2cc_task.o(.constdata)
 <LI><a href="#[4b]">l2cc_pdu_recv_ind_handler</a> from gapc_task.o(i.l2cc_pdu_recv_ind_handler) referenced 3 times from gapc_task.o(.constdata)
 <LI><a href="#[d2]">l2cc_pdu_send_cmd_handler</a> from l2cc_task.o(i.l2cc_pdu_send_cmd_handler) referenced from l2cc_task.o(.constdata)
 <LI><a href="#[d9]">l2cc_signaling_trans_to_ind_handler</a> from l2cc_task.o(i.l2cc_signaling_trans_to_ind_handler) referenced from l2cc_task.o(.constdata)
 <LI><a href="#[21]">l2cm_l2cap_tx_handler</a> from l2cm.o(i.l2cm_l2cap_tx_handler) referenced from l2cm.o(i.l2cm_init)
 <LI><a href="#[22]">llc_con_move_cbk</a> from syscall.txt(ABSOLUTE) referenced from patch_rf.o(i.llc_patch_1)
 <LI><a href="#[144]">llc_patch_1</a> from patch_rf.o(i.llc_patch_1) referenced from patch.o(.data)
 <LI><a href="#[a]">low_power_restore_entry_imp</a> from patch.o(ram_code) referenced from entry.o(i.app_main)
 <LI><a href="#[9]">low_power_save_entry_imp</a> from patch.o(ram_code) referenced from entry.o(i.app_main)
 <LI><a href="#[11]">os_default_task_func</a> from os_task.o(i.os_default_task_func) referenced from os_task.o(i.from_task_func_to_msg_handle)
 <LI><a href="#[13a]">pdm_isr_ram</a> from app_boot_vectors.o(ram_code) referenced from app_boot_vectors.o(RESET)
 <LI><a href="#[13f]">platform_reset_patch</a> from sys_utils.o(ram_code) referenced from patch.o(.data)
 <LI><a href="#[138]">pmu_isr_ram</a> from app_boot_vectors.o(ram_code) referenced from app_boot_vectors.o(RESET)
 <LI><a href="#[7]">prf_itf_get_imp</a> from app_prf.o(i.prf_itf_get_imp) referenced from entry.o(i.app_main)
 <LI><a href="#[13b]">prv_call_svc_pc</a> from syscall.txt(ABSOLUTE) referenced from app_boot_vectors.o(ram_code)
 <LI><a href="#[13c]">rf_force_agc_enable</a> from patch_rf.o(i.rf_force_agc_enable) referenced from patch_rf.o(ram_code)
 <LI><a href="#[8]">rf_init_app</a> from patch_rf.o(ram_code) referenced from entry.o(i.app_main)
 <LI><a href="#[6]">rwble_hl_init_imp</a> from rwble_hl.o(i.rwble_hl_init_imp) referenced from entry.o(i.app_main)
 <LI><a href="#[130]">rwble_isr_patch</a> from patch_rf.o(ram_code) referenced from app_boot_vectors.o(RESET)
 <LI><a href="#[101]">smpc_construcpublic_key_t_pdu</a> from smpc_util.o(i.smpc_construcpublic_key_t_pdu) referenced from smpc_util.o(.constdata)
 <LI><a href="#[102]">smpc_construct_dhkey_check_pdu</a> from smpc_util.o(i.smpc_construct_dhkey_check_pdu) referenced from smpc_util.o(.constdata)
 <LI><a href="#[fb]">smpc_construct_enc_info_pdu</a> from smpc_util.o(i.smpc_construct_enc_info_pdu) referenced from smpc_util.o(.constdata)
 <LI><a href="#[fe]">smpc_construct_id_addr_info_pdu</a> from smpc_util.o(i.smpc_construct_id_addr_info_pdu) referenced from smpc_util.o(.constdata)
 <LI><a href="#[fd]">smpc_construct_id_info_pdu</a> from smpc_util.o(i.smpc_construct_id_info_pdu) referenced from smpc_util.o(.constdata)
 <LI><a href="#[103]">smpc_construct_keypress_notification_pdu</a> from smpc_util.o(i.smpc_construct_keypress_notification_pdu) referenced from smpc_util.o(.constdata)
 <LI><a href="#[fc]">smpc_construct_mst_id_pdu</a> from smpc_util.o(i.smpc_construct_mst_id_pdu) referenced from smpc_util.o(.constdata)
 <LI><a href="#[f8]">smpc_construct_pair_cfm_pdu</a> from smpc_util.o(i.smpc_construct_pair_cfm_pdu) referenced from smpc_util.o(.constdata)
 <LI><a href="#[fa]">smpc_construct_pair_fail_pdu</a> from smpc_util.o(i.smpc_construct_pair_fail_pdu) referenced from smpc_util.o(.constdata)
 <LI><a href="#[f9]">smpc_construct_pair_rand_pdu</a> from smpc_util.o(i.smpc_construct_pair_rand_pdu) referenced from smpc_util.o(.constdata)
 <LI><a href="#[f6]">smpc_construct_pair_req_pdu</a> from smpc_util.o(i.smpc_construct_pair_req_pdu) referenced from smpc_util.o(.constdata)
 <LI><a href="#[f7]">smpc_construct_pair_rsp_pdu</a> from smpc_util.o(i.smpc_construct_pair_rsp_pdu) referenced from smpc_util.o(.constdata)
 <LI><a href="#[100]">smpc_construct_sec_req_pdu</a> from smpc_util.o(i.smpc_construct_sec_req_pdu) referenced from smpc_util.o(.constdata)
 <LI><a href="#[ff]">smpc_construct_sign_info_pdu</a> from smpc_util.o(i.smpc_construct_sign_info_pdu) referenced from smpc_util.o(.constdata)
 <LI><a href="#[110]">smpc_recv_dhkey_check_pdu</a> from smpc_util.o(i.smpc_recv_dhkey_check_pdu) referenced from smpc_util.o(.constdata)
 <LI><a href="#[109]">smpc_recv_enc_info_pdu</a> from smpc_util.o(i.smpc_recv_enc_info_pdu) referenced from smpc_util.o(.constdata)
 <LI><a href="#[10c]">smpc_recv_id_addr_info_pdu</a> from smpc_util.o(i.smpc_recv_id_addr_info_pdu) referenced from smpc_util.o(.constdata)
 <LI><a href="#[10b]">smpc_recv_id_info_pdu</a> from smpc_util.o(i.smpc_recv_id_info_pdu) referenced from smpc_util.o(.constdata)
 <LI><a href="#[111]">smpc_recv_keypress_notification_pdu</a> from smpc_util.o(i.smpc_recv_keypress_notification_pdu) referenced from smpc_util.o(.constdata)
 <LI><a href="#[10a]">smpc_recv_mst_id_pdu</a> from smpc_util.o(i.smpc_recv_mst_id_pdu) referenced from smpc_util.o(.constdata)
 <LI><a href="#[106]">smpc_recv_pair_cfm_pdu</a> from smpc_util.o(i.smpc_recv_pair_cfm_pdu) referenced from smpc_util.o(.constdata)
 <LI><a href="#[108]">smpc_recv_pair_fail_pdu</a> from smpc_util.o(i.smpc_recv_pair_fail_pdu) referenced from smpc_util.o(.constdata)
 <LI><a href="#[107]">smpc_recv_pair_rand_pdu</a> from smpc_util.o(i.smpc_recv_pair_rand_pdu) referenced from smpc_util.o(.constdata)
 <LI><a href="#[104]">smpc_recv_pair_req_pdu</a> from smpc_util.o(i.smpc_recv_pair_req_pdu) referenced from smpc_util.o(.constdata)
 <LI><a href="#[105]">smpc_recv_pair_rsp_pdu</a> from smpc_util.o(i.smpc_recv_pair_rsp_pdu) referenced from smpc_util.o(.constdata)
 <LI><a href="#[10f]">smpc_recv_public_key_pdu</a> from smpc_util.o(i.smpc_recv_public_key_pdu) referenced from smpc_util.o(.constdata)
 <LI><a href="#[10e]">smpc_recv_sec_req_pdu</a> from smpc_util.o(i.smpc_recv_sec_req_pdu) referenced from smpc_util.o(.constdata)
 <LI><a href="#[10d]">smpc_recv_sign_info_pdu</a> from smpc_util.o(i.smpc_recv_sign_info_pdu) referenced from smpc_util.o(.constdata)
 <LI><a href="#[135]">ssp_isr_ram</a> from app_boot_vectors.o(ram_code) referenced from app_boot_vectors.o(RESET)
 <LI><a href="#[c]">svc_exception_handler_ram</a> from patch.o(ram_code) referenced from entry.o(i.app_main)
 <LI><a href="#[131]">timer0_isr_ram</a> from driver_timer.o(ram_code) referenced from app_boot_vectors.o(RESET)
 <LI><a href="#[132]">timer1_isr_ram</a> from driver_timer.o(ram_code) referenced from app_boot_vectors.o(RESET)
 <LI><a href="#[133]">uart0_isr_ram</a> from app_boot_vectors.o(ram_code) referenced from app_boot_vectors.o(RESET)
 <LI><a href="#[134]">uart1_isr_ram</a> from app_boot_vectors.o(ram_code) referenced from app_boot_vectors.o(RESET)
 <LI><a href="#[b]">user_entry_before_sleep_imp</a> from proj_main.o(ram_code) referenced from entry.o(i.app_main)
 <LI><a href="#[142]">vPortSuppressTicksAndSleep_patch</a> from patch_rtos.o(ram_code) referenced from patch.o(.data)
</UL>
<P>
<H3>
Global Symbols
</H3>
<P><STRONG><a name="[354]"></a>rwip_sleep_mul_64</STRONG> (Thumb, 0 bytes, Stack size 0 bytes, syscall.txt(ABSOLUTE))
<BR><BR>[Called By]<UL><LI><a href="#[169]">&gt;&gt;</a>&nbsp;&nbsp;&nbsp;pmu_smooth_calc_calib_result (via Veneer)
</UL>

<P><STRONG><a name="[34f]"></a>vPortSVCHandler</STRONG> (Thumb, 0 bytes, Stack size 0 bytes, syscall.txt(ABSOLUTE))
<BR><BR>[Called By]<UL><LI><a href="#[12c]">&gt;&gt;</a>&nbsp;&nbsp;&nbsp;SVC_Handler (via Veneer)
</UL>

<P><STRONG><a name="[13b]"></a>prv_call_svc_pc</STRONG> (Thumb, 0 bytes, Stack size 0 bytes, syscall.txt(ABSOLUTE), UNUSED)
<BR>[Address Reference Count : 1]<UL><LI> app_boot_vectors.o(ram_code)
</UL>
<P><STRONG><a name="[12e]"></a>PendSV_Handler</STRONG> (Thumb, 0 bytes, Stack size 0 bytes, syscall.txt(ABSOLUTE), UNUSED)
<BR>[Address Reference Count : 1]<UL><LI> app_boot_vectors.o(RESET)
</UL>
<P><STRONG><a name="[126]"></a>Reset_Handler</STRONG> (Thumb, 0 bytes, Stack size 0 bytes, syscall.txt(ABSOLUTE), UNUSED)
<BR>[Address Reference Count : 1]<UL><LI> app_boot_vectors.o(RESET)
</UL>
<P><STRONG><a name="[4c7]"></a>set_handlemode_sp</STRONG> (Thumb, 0 bytes, Stack size 0 bytes, syscall.txt(ABSOLUTE), UNUSED)
<BR><BR>[Called By]<UL></UL>

<P><STRONG><a name="[127]"></a>NMI_Handler</STRONG> (Thumb, 0 bytes, Stack size 0 bytes, syscall.txt(ABSOLUTE), UNUSED)
<BR>[Address Reference Count : 1]<UL><LI> app_boot_vectors.o(RESET)
</UL>
<P><STRONG><a name="[129]"></a>MemManage_Handler</STRONG> (Thumb, 0 bytes, Stack size 0 bytes, syscall.txt(ABSOLUTE), UNUSED)
<BR>[Address Reference Count : 1]<UL><LI> app_boot_vectors.o(RESET)
</UL>
<P><STRONG><a name="[12a]"></a>BusFault_Handler</STRONG> (Thumb, 0 bytes, Stack size 0 bytes, syscall.txt(ABSOLUTE), UNUSED)
<BR>[Address Reference Count : 1]<UL><LI> app_boot_vectors.o(RESET)
</UL>
<P><STRONG><a name="[12b]"></a>UsageFault_Handler</STRONG> (Thumb, 0 bytes, Stack size 0 bytes, syscall.txt(ABSOLUTE), UNUSED)
<BR>[Address Reference Count : 1]<UL><LI> app_boot_vectors.o(RESET)
</UL>
<P><STRONG><a name="[12d]"></a>DebugMon_Handler</STRONG> (Thumb, 0 bytes, Stack size 0 bytes, syscall.txt(ABSOLUTE), UNUSED)
<BR>[Address Reference Count : 1]<UL><LI> app_boot_vectors.o(RESET)
</UL>
<P><STRONG><a name="[1e0]"></a>CPU_SR_Save</STRONG> (Thumb, 0 bytes, Stack size 0 bytes, syscall.txt(ABSOLUTE))
<BR><BR>[Called By]<UL><LI><a href="#[34b]">&gt;&gt;</a>&nbsp;&nbsp;&nbsp;system_lvd_protect_handle (via Veneer)
<LI><a href="#[2f3]">&gt;&gt;</a>&nbsp;&nbsp;&nbsp;flash_OTP_read (via Veneer)
<LI><a href="#[33d]">&gt;&gt;</a>&nbsp;&nbsp;&nbsp;pmu_clear_isr_state (via Veneer)
<LI><a href="#[29f]">&gt;&gt;</a>&nbsp;&nbsp;&nbsp;flash_write (via Veneer)
<LI><a href="#[29d]">&gt;&gt;</a>&nbsp;&nbsp;&nbsp;flash_read (via Veneer)
<LI><a href="#[384]">&gt;&gt;</a>&nbsp;&nbsp;&nbsp;flash_page_erase (via Veneer)
<LI><a href="#[29e]">&gt;&gt;</a>&nbsp;&nbsp;&nbsp;flash_erase (via Veneer)
<LI><a href="#[33a]">&gt;&gt;</a>&nbsp;&nbsp;&nbsp;app_otas_crc_cal (via Veneer)
<LI><a href="#[339]">&gt;&gt;</a>&nbsp;&nbsp;&nbsp;app_otas_save_data (via Veneer)
<LI><a href="#[140]">&gt;&gt;</a>&nbsp;&nbsp;&nbsp;frspim_wr (via Veneer)
<LI><a href="#[141]">&gt;&gt;</a>&nbsp;&nbsp;&nbsp;frspim_rd (via Veneer)
<LI><a href="#[142]">&gt;&gt;</a>&nbsp;&nbsp;&nbsp;vPortSuppressTicksAndSleep_patch (via Veneer)
<LI><a href="#[383]">&gt;&gt;</a>&nbsp;&nbsp;&nbsp;flash_OTP_erase (via Veneer)
<LI><a href="#[381]">&gt;&gt;</a>&nbsp;&nbsp;&nbsp;flash_OTP_write (via Veneer)
<LI><a href="#[18a]">&gt;&gt;</a>&nbsp;&nbsp;&nbsp;check_timer_handle (via Veneer)
<LI><a href="#[155]">&gt;&gt;</a>&nbsp;&nbsp;&nbsp;main_loop (via Veneer)
<LI><a href="#[38e]">&gt;&gt;</a>&nbsp;&nbsp;&nbsp;calib_lld_cancel (via Veneer)
<LI><a href="#[2d3]">&gt;&gt;</a>&nbsp;&nbsp;&nbsp;l2cc_data_send (via Veneer)
</UL>

<P><STRONG><a name="[1e1]"></a>CPU_SR_Restore</STRONG> (Thumb, 0 bytes, Stack size 0 bytes, syscall.txt(ABSOLUTE))
<BR><BR>[Called By]<UL><LI><a href="#[34b]">&gt;&gt;</a>&nbsp;&nbsp;&nbsp;system_lvd_protect_handle (via Veneer)
<LI><a href="#[2f3]">&gt;&gt;</a>&nbsp;&nbsp;&nbsp;flash_OTP_read (via Veneer)
<LI><a href="#[33d]">&gt;&gt;</a>&nbsp;&nbsp;&nbsp;pmu_clear_isr_state (via Veneer)
<LI><a href="#[29f]">&gt;&gt;</a>&nbsp;&nbsp;&nbsp;flash_write (via Veneer)
<LI><a href="#[29d]">&gt;&gt;</a>&nbsp;&nbsp;&nbsp;flash_read (via Veneer)
<LI><a href="#[384]">&gt;&gt;</a>&nbsp;&nbsp;&nbsp;flash_page_erase (via Veneer)
<LI><a href="#[29e]">&gt;&gt;</a>&nbsp;&nbsp;&nbsp;flash_erase (via Veneer)
<LI><a href="#[33a]">&gt;&gt;</a>&nbsp;&nbsp;&nbsp;app_otas_crc_cal (via Veneer)
<LI><a href="#[339]">&gt;&gt;</a>&nbsp;&nbsp;&nbsp;app_otas_save_data (via Veneer)
<LI><a href="#[140]">&gt;&gt;</a>&nbsp;&nbsp;&nbsp;frspim_wr (via Veneer)
<LI><a href="#[141]">&gt;&gt;</a>&nbsp;&nbsp;&nbsp;frspim_rd (via Veneer)
<LI><a href="#[383]">&gt;&gt;</a>&nbsp;&nbsp;&nbsp;flash_OTP_erase (via Veneer)
<LI><a href="#[381]">&gt;&gt;</a>&nbsp;&nbsp;&nbsp;flash_OTP_write (via Veneer)
<LI><a href="#[18a]">&gt;&gt;</a>&nbsp;&nbsp;&nbsp;check_timer_handle (via Veneer)
<LI><a href="#[155]">&gt;&gt;</a>&nbsp;&nbsp;&nbsp;main_loop (via Veneer)
<LI><a href="#[38e]">&gt;&gt;</a>&nbsp;&nbsp;&nbsp;calib_lld_cancel (via Veneer)
<LI><a href="#[2d3]">&gt;&gt;</a>&nbsp;&nbsp;&nbsp;l2cc_data_send (via Veneer)
</UL>

<P><STRONG><a name="[37e]"></a>GLOBAL_INT_STOP</STRONG> (Thumb, 0 bytes, Stack size 0 bytes, syscall.txt(ABSOLUTE))
<BR><BR>[Called By]<UL><LI><a href="#[13f]">&gt;&gt;</a>&nbsp;&nbsp;&nbsp;platform_reset_patch (via Veneer)
</UL>

<P><STRONG><a name="[359]"></a>GLOBAL_INT_START</STRONG> (Thumb, 0 bytes, Stack size 0 bytes, syscall.txt(ABSOLUTE))
<BR><BR>[Called By]<UL><LI><a href="#[155]">&gt;&gt;</a>&nbsp;&nbsp;&nbsp;main_loop (via Veneer)
</UL>

<P><STRONG><a name="[201]"></a>rand</STRONG> (Thumb, 0 bytes, Stack size 0 bytes, syscall.txt(ABSOLUTE))
<BR><BR>[Called By]<UL><LI><a href="#[25]">&gt;&gt;</a>&nbsp;&nbsp;&nbsp;gapc_bond_req_ind_handler (via Veneer)
<LI><a href="#[d8]">&gt;&gt;</a>&nbsp;&nbsp;&nbsp;l2cc_lecb_disconnect_cmd_handler (via Veneer)
<LI><a href="#[d5]">&gt;&gt;</a>&nbsp;&nbsp;&nbsp;l2cc_lecb_connect_cmd_handler (via Veneer)
<LI><a href="#[d7]">&gt;&gt;</a>&nbsp;&nbsp;&nbsp;l2cc_lecb_add_cmd_handler (via Veneer)
<LI><a href="#[49]">&gt;&gt;</a>&nbsp;&nbsp;&nbsp;gapc_param_update_cmd_handler (via Veneer)
</UL>

<P><STRONG><a name="[153]"></a>srand</STRONG> (Thumb, 0 bytes, Stack size 0 bytes, syscall.txt(ABSOLUTE))
<BR><BR>[Called By]<UL><LI><a href="#[149]">&gt;&gt;</a>&nbsp;&nbsp;&nbsp;app_main (via Veneer)
<LI><a href="#[16c]">&gt;&gt;</a>&nbsp;&nbsp;&nbsp;app_reset_complete_ind_func (via Veneer)
<LI><a href="#[14f]">&gt;&gt;</a>&nbsp;&nbsp;&nbsp;app_db_init_complete_ind_func (via Veneer)
</UL>

<P><STRONG><a name="[151]"></a>__aeabi_memcpy</STRONG> (Thumb, 0 bytes, Stack size 0 bytes, syscall.txt(ABSOLUTE))
<BR><BR>[Called By]<UL><LI><a href="#[1dc]">&gt;&gt;</a>&nbsp;&nbsp;&nbsp;ble_sec_resolve_address (via Veneer)
<LI><a href="#[152]">&gt;&gt;</a>&nbsp;&nbsp;&nbsp;app_connection_success_ind_func (via Veneer)
<LI><a href="#[150]">&gt;&gt;</a>&nbsp;&nbsp;&nbsp;app_connection_req_ind_func (via Veneer)
<LI><a href="#[1db]">&gt;&gt;</a>&nbsp;&nbsp;&nbsp;ble_bond_check (via Veneer)
<LI><a href="#[189]">&gt;&gt;</a>&nbsp;&nbsp;&nbsp;ble_sec_init (via Veneer)
<LI><a href="#[16d]">&gt;&gt;</a>&nbsp;&nbsp;&nbsp;ble_gap_set_dev_config (via Veneer)
<LI><a href="#[298]">&gt;&gt;</a>&nbsp;&nbsp;&nbsp;os_msg_post (via Veneer)
<LI><a href="#[29b]">&gt;&gt;</a>&nbsp;&nbsp;&nbsp;gatt_write_peer_svc_to_flash (via Veneer)
<LI><a href="#[1b7]">&gt;&gt;</a>&nbsp;&nbsp;&nbsp;attm_svc_create_db_ext (via Veneer)
<LI><a href="#[1ab]">&gt;&gt;</a>&nbsp;&nbsp;&nbsp;attm_att_set_value (via Veneer)
<LI><a href="#[145]">&gt;&gt;</a>&nbsp;&nbsp;&nbsp;gatt_service_init (via Veneer)
<LI><a href="#[178]">&gt;&gt;</a>&nbsp;&nbsp;&nbsp;appm_set_scan_response_data (via Veneer)
<LI><a href="#[179]">&gt;&gt;</a>&nbsp;&nbsp;&nbsp;appm_set_per_adv_data (via Veneer)
<LI><a href="#[193]">&gt;&gt;</a>&nbsp;&nbsp;&nbsp;appm_set_advertising_param (via Veneer)
<LI><a href="#[177]">&gt;&gt;</a>&nbsp;&nbsp;&nbsp;appm_set_advertising_data (via Veneer)
<LI><a href="#[1ed]">&gt;&gt;</a>&nbsp;&nbsp;&nbsp;gap_set_dev_name (via Veneer)
<LI><a href="#[1e9]">&gt;&gt;</a>&nbsp;&nbsp;&nbsp;gap_get_dev_name (via Veneer)
<LI><a href="#[2d]">&gt;&gt;</a>&nbsp;&nbsp;&nbsp;gapm_cmp_evt_handler (via Veneer)
<LI><a href="#[35]">&gt;&gt;</a>&nbsp;&nbsp;&nbsp;gapc_connection_req_ind_handler (via Veneer)
<LI><a href="#[256]">&gt;&gt;</a>&nbsp;&nbsp;&nbsp;jump_table_get_static_keys (via Veneer)
<LI><a href="#[3]">&gt;&gt;</a>&nbsp;&nbsp;&nbsp;jump_table_param_set (via Veneer)
<LI><a href="#[1b1]">&gt;&gt;</a>&nbsp;&nbsp;&nbsp;attmdb_get_uuid (via Veneer)
<LI><a href="#[1b0]">&gt;&gt;</a>&nbsp;&nbsp;&nbsp;attm_get_value (via Veneer)
<LI><a href="#[1af]">&gt;&gt;</a>&nbsp;&nbsp;&nbsp;attm_convert_to128 (via Veneer)
<LI><a href="#[389]">&gt;&gt;</a>&nbsp;&nbsp;&nbsp;calib_lld_send (via Veneer)
<LI><a href="#[27]">&gt;&gt;</a>&nbsp;&nbsp;&nbsp;gapc_encrypt_req_ind_handler (via Veneer)
<LI><a href="#[25]">&gt;&gt;</a>&nbsp;&nbsp;&nbsp;gapc_bond_req_ind_handler (via Veneer)
<LI><a href="#[26]">&gt;&gt;</a>&nbsp;&nbsp;&nbsp;gapc_bond_ind_handler (via Veneer)
<LI><a href="#[279]">&gt;&gt;</a>&nbsp;&nbsp;&nbsp;gapm_per_sync_send_adv_report_ind (via Veneer)
<LI><a href="#[273]">&gt;&gt;</a>&nbsp;&nbsp;&nbsp;gapm_list_add_next_entry (via Veneer)
<LI><a href="#[15]">&gt;&gt;</a>&nbsp;&nbsp;&nbsp;gapm_init_start (via Veneer)
<LI><a href="#[251]">&gt;&gt;</a>&nbsp;&nbsp;&nbsp;gapm_adv_send_hci_le_set_per_adv_data_cmd (via Veneer)
<LI><a href="#[250]">&gt;&gt;</a>&nbsp;&nbsp;&nbsp;gapm_adv_send_hci_le_set_ext_scan_rsp_data_cmd (via Veneer)
<LI><a href="#[24e]">&gt;&gt;</a>&nbsp;&nbsp;&nbsp;gapm_adv_send_hci_le_set_ext_adv_data_cmd (via Veneer)
<LI><a href="#[2b3]">&gt;&gt;</a>&nbsp;&nbsp;&nbsp;l2cc_pdu_unpack (via Veneer)
<LI><a href="#[2b2]">&gt;&gt;</a>&nbsp;&nbsp;&nbsp;l2cc_pdu_header_check (via Veneer)
<LI><a href="#[2b4]">&gt;&gt;</a>&nbsp;&nbsp;&nbsp;l2cc_lecb_pdu_unpack (via Veneer)
<LI><a href="#[b9]">&gt;&gt;</a>&nbsp;&nbsp;&nbsp;gattc_write_cmd_handler (via Veneer)
<LI><a href="#[c7]">&gt;&gt;</a>&nbsp;&nbsp;&nbsp;gattc_send_svc_changed_cmd_handler (via Veneer)
<LI><a href="#[be]">&gt;&gt;</a>&nbsp;&nbsp;&nbsp;gattc_sdp_svc_disc_cmd_handler (via Veneer)
<LI><a href="#[b8]">&gt;&gt;</a>&nbsp;&nbsp;&nbsp;gattc_read_cmd_handler (via Veneer)
<LI><a href="#[c1]">&gt;&gt;</a>&nbsp;&nbsp;&nbsp;gattc_disc_svc_incl_ind_handler (via Veneer)
<LI><a href="#[b7]">&gt;&gt;</a>&nbsp;&nbsp;&nbsp;gattc_disc_cmd_handler (via Veneer)
<LI><a href="#[c2]">&gt;&gt;</a>&nbsp;&nbsp;&nbsp;gattc_disc_char_ind_handler (via Veneer)
<LI><a href="#[c3]">&gt;&gt;</a>&nbsp;&nbsp;&nbsp;gattc_disc_char_desc_ind_handler (via Veneer)
<LI><a href="#[bf]">&gt;&gt;</a>&nbsp;&nbsp;&nbsp;gattc_cmp_evt_handler (via Veneer)
<LI><a href="#[cc]">&gt;&gt;</a>&nbsp;&nbsp;&nbsp;gapc_sign_ind_handler (via Veneer)
<LI><a href="#[1d4]">&gt;&gt;</a>&nbsp;&nbsp;&nbsp;atts_send_event (via Veneer)
<LI><a href="#[b2]">&gt;&gt;</a>&nbsp;&nbsp;&nbsp;atts_write_signed (via Veneer)
<LI><a href="#[1d6]">&gt;&gt;</a>&nbsp;&nbsp;&nbsp;atts_update_elmt (via Veneer)
<LI><a href="#[ad]">&gt;&gt;</a>&nbsp;&nbsp;&nbsp;atts_read_req (via Veneer)
<LI><a href="#[af]">&gt;&gt;</a>&nbsp;&nbsp;&nbsp;atts_read_mult_req (via Veneer)
<LI><a href="#[ab]">&gt;&gt;</a>&nbsp;&nbsp;&nbsp;atts_read_by_type_req (via Veneer)
<LI><a href="#[ac]">&gt;&gt;</a>&nbsp;&nbsp;&nbsp;atts_read_by_grp_type_req (via Veneer)
<LI><a href="#[ae]">&gt;&gt;</a>&nbsp;&nbsp;&nbsp;atts_read_blob_req (via Veneer)
<LI><a href="#[b3]">&gt;&gt;</a>&nbsp;&nbsp;&nbsp;atts_prepare_write_req (via Veneer)
<LI><a href="#[a9]">&gt;&gt;</a>&nbsp;&nbsp;&nbsp;atts_find_info_req (via Veneer)
<LI><a href="#[b4]">&gt;&gt;</a>&nbsp;&nbsp;&nbsp;atts_execute_write_req (via Veneer)
<LI><a href="#[1bd]">&gt;&gt;</a>&nbsp;&nbsp;&nbsp;attmdb_svc_init (via Veneer)
<LI><a href="#[31e]">&gt;&gt;</a>&nbsp;&nbsp;&nbsp;smpc_f6_init (via Veneer)
<LI><a href="#[31d]">&gt;&gt;</a>&nbsp;&nbsp;&nbsp;smpc_f5_init (via Veneer)
<LI><a href="#[300]">&gt;&gt;</a>&nbsp;&nbsp;&nbsp;smpc_send_use_enc_block_cmd (via Veneer)
<LI><a href="#[305]">&gt;&gt;</a>&nbsp;&nbsp;&nbsp;smpc_send_start_enc_cmd (via Veneer)
<LI><a href="#[30d]">&gt;&gt;</a>&nbsp;&nbsp;&nbsp;smpc_send_pairing_req_ind (via Veneer)
<LI><a href="#[329]">&gt;&gt;</a>&nbsp;&nbsp;&nbsp;smpc_send_pairing_ind (via Veneer)
<LI><a href="#[2bc]">&gt;&gt;</a>&nbsp;&nbsp;&nbsp;smpc_send_ltk_req_rsp (via Veneer)
<LI><a href="#[330]">&gt;&gt;</a>&nbsp;&nbsp;&nbsp;smpc_send_gen_dh_key_cmd (via Veneer)
<LI><a href="#[2b8]">&gt;&gt;</a>&nbsp;&nbsp;&nbsp;smpc_handle_enc_change_evt (via Veneer)
<LI><a href="#[321]">&gt;&gt;</a>&nbsp;&nbsp;&nbsp;smpc_generate_l (via Veneer)
<LI><a href="#[319]">&gt;&gt;</a>&nbsp;&nbsp;&nbsp;smpc_generate_e1 (via Veneer)
<LI><a href="#[31f]">&gt;&gt;</a>&nbsp;&nbsp;&nbsp;smpc_generate_ci (via Veneer)
<LI><a href="#[85]">&gt;&gt;</a>&nbsp;&nbsp;&nbsp;hci_le_rd_local_p256_public_key_cmp_evt_handler (via Veneer)
<LI><a href="#[86]">&gt;&gt;</a>&nbsp;&nbsp;&nbsp;hci_le_generate_dhkey_cmp_evt_handler (via Veneer)
<LI><a href="#[a4]">&gt;&gt;</a>&nbsp;&nbsp;&nbsp;gapm_set_irk_cmd_handler (via Veneer)
<LI><a href="#[8b]">&gt;&gt;</a>&nbsp;&nbsp;&nbsp;gapm_set_dev_config_cmd_handler (via Veneer)
<LI><a href="#[92]">&gt;&gt;</a>&nbsp;&nbsp;&nbsp;gapm_get_pub_key_cmd_handler (via Veneer)
<LI><a href="#[91]">&gt;&gt;</a>&nbsp;&nbsp;&nbsp;gapm_gen_dh_key_cmd_handler (via Veneer)
<LI><a href="#[94]">&gt;&gt;</a>&nbsp;&nbsp;&nbsp;gapc_peer_att_info_ind_handler (via Veneer)
<LI><a href="#[293]">&gt;&gt;</a>&nbsp;&nbsp;&nbsp;smpc_sign_cont (via Veneer)
<LI><a href="#[1f3]">&gt;&gt;</a>&nbsp;&nbsp;&nbsp;smpc_pairing_tk_exch (via Veneer)
<LI><a href="#[1f6]">&gt;&gt;</a>&nbsp;&nbsp;&nbsp;smpc_pairing_oob_exch (via Veneer)
<LI><a href="#[1f2]">&gt;&gt;</a>&nbsp;&nbsp;&nbsp;smpc_pairing_csrk_exch (via Veneer)
<LI><a href="#[215]">&gt;&gt;</a>&nbsp;&nbsp;&nbsp;smpc_handle_dh_key_check_complete (via Veneer)
<LI><a href="#[292]">&gt;&gt;</a>&nbsp;&nbsp;&nbsp;smpc_calc_confirm_cont (via Veneer)
<LI><a href="#[5c]">&gt;&gt;</a>&nbsp;&nbsp;&nbsp;gattc_write_req_ind_handler (via Veneer)
<LI><a href="#[47]">&gt;&gt;</a>&nbsp;&nbsp;&nbsp;gattc_read_ind_handler (via Veneer)
<LI><a href="#[5f]">&gt;&gt;</a>&nbsp;&nbsp;&nbsp;gapc_get_dev_info_cfm_handler (via Veneer)
<LI><a href="#[2d5]">&gt;&gt;</a>&nbsp;&nbsp;&nbsp;l2cc_pdu_pack (via Veneer)
<LI><a href="#[2d6]">&gt;&gt;</a>&nbsp;&nbsp;&nbsp;l2cc_lecb_pdu_pack (via Veneer)
<LI><a href="#[2d8]">&gt;&gt;</a>&nbsp;&nbsp;&nbsp;l2cc_dbg_pdu_pack (via Veneer)
<LI><a href="#[1a5]">&gt;&gt;</a>&nbsp;&nbsp;&nbsp;attc_send_read_ind (via Veneer)
<LI><a href="#[117]">&gt;&gt;</a>&nbsp;&nbsp;&nbsp;attc_rd_rsp_handler (via Veneer)
<LI><a href="#[118]">&gt;&gt;</a>&nbsp;&nbsp;&nbsp;attc_rd_mult_rsp_handler (via Veneer)
<LI><a href="#[115]">&gt;&gt;</a>&nbsp;&nbsp;&nbsp;attc_rd_by_type_rsp_handler (via Veneer)
<LI><a href="#[116]">&gt;&gt;</a>&nbsp;&nbsp;&nbsp;attc_rd_by_grp_type_rsp_handler (via Veneer)
<LI><a href="#[11d]">&gt;&gt;</a>&nbsp;&nbsp;&nbsp;attc_hdl_val_ntf_ind_handler (via Veneer)
<LI><a href="#[113]">&gt;&gt;</a>&nbsp;&nbsp;&nbsp;attc_find_info_rsp_handler (via Veneer)
<LI><a href="#[114]">&gt;&gt;</a>&nbsp;&nbsp;&nbsp;attc_find_by_type_rsp_handler (via Veneer)
<LI><a href="#[10f]">&gt;&gt;</a>&nbsp;&nbsp;&nbsp;smpc_recv_public_key_pdu (via Veneer)
<LI><a href="#[107]">&gt;&gt;</a>&nbsp;&nbsp;&nbsp;smpc_recv_pair_rand_pdu (via Veneer)
<LI><a href="#[106]">&gt;&gt;</a>&nbsp;&nbsp;&nbsp;smpc_recv_pair_cfm_pdu (via Veneer)
<LI><a href="#[10b]">&gt;&gt;</a>&nbsp;&nbsp;&nbsp;smpc_recv_id_info_pdu (via Veneer)
<LI><a href="#[109]">&gt;&gt;</a>&nbsp;&nbsp;&nbsp;smpc_recv_enc_info_pdu (via Veneer)
<LI><a href="#[110]">&gt;&gt;</a>&nbsp;&nbsp;&nbsp;smpc_recv_dhkey_check_pdu (via Veneer)
<LI><a href="#[ff]">&gt;&gt;</a>&nbsp;&nbsp;&nbsp;smpc_construct_sign_info_pdu (via Veneer)
<LI><a href="#[f9]">&gt;&gt;</a>&nbsp;&nbsp;&nbsp;smpc_construct_pair_rand_pdu (via Veneer)
<LI><a href="#[f8]">&gt;&gt;</a>&nbsp;&nbsp;&nbsp;smpc_construct_pair_cfm_pdu (via Veneer)
<LI><a href="#[fd]">&gt;&gt;</a>&nbsp;&nbsp;&nbsp;smpc_construct_id_info_pdu (via Veneer)
<LI><a href="#[fb]">&gt;&gt;</a>&nbsp;&nbsp;&nbsp;smpc_construct_enc_info_pdu (via Veneer)
<LI><a href="#[102]">&gt;&gt;</a>&nbsp;&nbsp;&nbsp;smpc_construct_dhkey_check_pdu (via Veneer)
<LI><a href="#[301]">&gt;&gt;</a>&nbsp;&nbsp;&nbsp;smpc_aes_cmac_continue (via Veneer)
<LI><a href="#[2fe]">&gt;&gt;</a>&nbsp;&nbsp;&nbsp;smpc_aes_cmac_complete (via Veneer)
<LI><a href="#[30a]">&gt;&gt;</a>&nbsp;&nbsp;&nbsp;smpc_g2_init (via Veneer)
<LI><a href="#[31b]">&gt;&gt;</a>&nbsp;&nbsp;&nbsp;smpc_f4_Init (via Veneer)
<LI><a href="#[281]">&gt;&gt;</a>&nbsp;&nbsp;&nbsp;gapm_smp_resolv_op_cont (via Veneer)
<LI><a href="#[1e]">&gt;&gt;</a>&nbsp;&nbsp;&nbsp;gapm_smp_encrypt_rsp (via Veneer)
<LI><a href="#[288]">&gt;&gt;</a>&nbsp;&nbsp;&nbsp;gapm_scan_store_fragment (via Veneer)
<LI><a href="#[285]">&gt;&gt;</a>&nbsp;&nbsp;&nbsp;gapm_scan_send_adv_report_ind (via Veneer)
</UL>

<P><STRONG><a name="[1b2]"></a>__aeabi_memcpy4</STRONG> (Thumb, 0 bytes, Stack size 0 bytes, syscall.txt(ABSOLUTE))
<BR><BR>[Called By]<UL><LI><a href="#[1b0]">&gt;&gt;</a>&nbsp;&nbsp;&nbsp;attm_get_value (via Veneer)
<LI><a href="#[8b]">&gt;&gt;</a>&nbsp;&nbsp;&nbsp;gapm_set_dev_config_cmd_handler (via Veneer)
</UL>

<P><STRONG><a name="[2c5]"></a>__aeabi_memset</STRONG> (Thumb, 0 bytes, Stack size 0 bytes, syscall.txt(ABSOLUTE))
<BR><BR>[Called By]<UL><LI><a href="#[1]">&gt;&gt;</a>&nbsp;&nbsp;&nbsp;jump_table_memmory_init (via Veneer)
</UL>

<P><STRONG><a name="[1dd]"></a>__aeabi_memclr</STRONG> (Thumb, 0 bytes, Stack size 0 bytes, syscall.txt(ABSOLUTE))
<BR><BR>[Called By]<UL><LI><a href="#[189]">&gt;&gt;</a>&nbsp;&nbsp;&nbsp;ble_sec_init (via Veneer)
<LI><a href="#[16d]">&gt;&gt;</a>&nbsp;&nbsp;&nbsp;ble_gap_set_dev_config (via Veneer)
<LI><a href="#[299]">&gt;&gt;</a>&nbsp;&nbsp;&nbsp;gatt_store_peer_prf_info (via Veneer)
<LI><a href="#[145]">&gt;&gt;</a>&nbsp;&nbsp;&nbsp;gatt_service_init (via Veneer)
<LI><a href="#[25]">&gt;&gt;</a>&nbsp;&nbsp;&nbsp;gapc_bond_req_ind_handler (via Veneer)
<LI><a href="#[321]">&gt;&gt;</a>&nbsp;&nbsp;&nbsp;smpc_generate_l (via Veneer)
<LI><a href="#[22b]">&gt;&gt;</a>&nbsp;&nbsp;&nbsp;smpc_sign_command (via Veneer)
<LI><a href="#[263]">&gt;&gt;</a>&nbsp;&nbsp;&nbsp;smpc_confirm_gen_rand (via Veneer)
<LI><a href="#[301]">&gt;&gt;</a>&nbsp;&nbsp;&nbsp;smpc_aes_cmac_continue (via Veneer)
<LI><a href="#[283]">&gt;&gt;</a>&nbsp;&nbsp;&nbsp;gapm_scan_add_to_filter (via Veneer)
</UL>

<P><STRONG><a name="[157]"></a>__aeabi_memclr4</STRONG> (Thumb, 0 bytes, Stack size 0 bytes, syscall.txt(ABSOLUTE))
<BR><BR>[Called By]<UL><LI><a href="#[2c1]">&gt;&gt;</a>&nbsp;&nbsp;&nbsp;initial_static_memory (via Veneer)
<LI><a href="#[5]">&gt;&gt;</a>&nbsp;&nbsp;&nbsp;appm_init_imp (via Veneer)
<LI><a href="#[149]">&gt;&gt;</a>&nbsp;&nbsp;&nbsp;app_main (via Veneer)
<LI><a href="#[296]">&gt;&gt;</a>&nbsp;&nbsp;&nbsp;gatt_msg_default_handler_imp (via Veneer)
<LI><a href="#[2a5]">&gt;&gt;</a>&nbsp;&nbsp;&nbsp;gattc_create (via Veneer)
<LI><a href="#[20a]">&gt;&gt;</a>&nbsp;&nbsp;&nbsp;gapc_con_create (via Veneer)
<LI><a href="#[249]">&gt;&gt;</a>&nbsp;&nbsp;&nbsp;gapm_adv_check_data_sanity (via Veneer)
<LI><a href="#[233]">&gt;&gt;</a>&nbsp;&nbsp;&nbsp;gapm_actv_alloc (via Veneer)
<LI><a href="#[1fa]">&gt;&gt;</a>&nbsp;&nbsp;&nbsp;smpc_pairing_start (via Veneer)
<LI><a href="#[1f9]">&gt;&gt;</a>&nbsp;&nbsp;&nbsp;smpc_pairing_req_handler (via Veneer)
</UL>

<P><STRONG><a name="[1a0]"></a>memcmp</STRONG> (Thumb, 0 bytes, Stack size 0 bytes, syscall.txt(ABSOLUTE))
<BR><BR>[Called By]<UL><LI><a href="#[1db]">&gt;&gt;</a>&nbsp;&nbsp;&nbsp;ble_bond_check (via Veneer)
<LI><a href="#[10]">&gt;&gt;</a>&nbsp;&nbsp;&nbsp;ble_bond_addr_resolve_cb (via Veneer)
<LI><a href="#[255]">&gt;&gt;</a>&nbsp;&nbsp;&nbsp;jump_table_set_static_keys (via Veneer)
<LI><a href="#[256]">&gt;&gt;</a>&nbsp;&nbsp;&nbsp;jump_table_get_static_keys (via Veneer)
<LI><a href="#[1a1]">&gt;&gt;</a>&nbsp;&nbsp;&nbsp;attm_uuid_comp (via Veneer)
<LI><a href="#[20a]">&gt;&gt;</a>&nbsp;&nbsp;&nbsp;gapc_con_create (via Veneer)
<LI><a href="#[1de]">&gt;&gt;</a>&nbsp;&nbsp;&nbsp;ble_sec_check_ediv_rand (via Veneer)
<LI><a href="#[aa]">&gt;&gt;</a>&nbsp;&nbsp;&nbsp;atts_find_by_type_req (via Veneer)
<LI><a href="#[7f]">&gt;&gt;</a>&nbsp;&nbsp;&nbsp;hci_le_ext_adv_report_evt_handler (via Veneer)
<LI><a href="#[293]">&gt;&gt;</a>&nbsp;&nbsp;&nbsp;smpc_sign_cont (via Veneer)
<LI><a href="#[292]">&gt;&gt;</a>&nbsp;&nbsp;&nbsp;smpc_calc_confirm_cont (via Veneer)
<LI><a href="#[11a]">&gt;&gt;</a>&nbsp;&nbsp;&nbsp;attc_prep_wr_rsp_handler (via Veneer)
<LI><a href="#[281]">&gt;&gt;</a>&nbsp;&nbsp;&nbsp;gapm_smp_resolv_op_cont (via Veneer)
<LI><a href="#[284]">&gt;&gt;</a>&nbsp;&nbsp;&nbsp;gapm_scan_filter_packet (via Veneer)
<LI><a href="#[283]">&gt;&gt;</a>&nbsp;&nbsp;&nbsp;gapm_scan_add_to_filter (via Veneer)
</UL>

<P><STRONG><a name="[351]"></a>FPB_CompSet</STRONG> (Thumb, 0 bytes, Stack size 0 bytes, syscall.txt(ABSOLUTE))
<BR><BR>[Called By]<UL><LI><a href="#[13f]">&gt;&gt;</a>&nbsp;&nbsp;&nbsp;platform_reset_patch (via Veneer)
<LI><a href="#[142]">&gt;&gt;</a>&nbsp;&nbsp;&nbsp;vPortSuppressTicksAndSleep_patch (via Veneer)
<LI><a href="#[164]">&gt;&gt;</a>&nbsp;&nbsp;&nbsp;patch_init (via Veneer)
</UL>

<P><STRONG><a name="[14b]"></a>NVIC_DisableIRQ</STRONG> (Thumb, 0 bytes, Stack size 0 bytes, syscall.txt(ABSOLUTE))
<BR><BR>[Called By]<UL><LI><a href="#[139]">&gt;&gt;</a>&nbsp;&nbsp;&nbsp;adc_isr (via Veneer)
<LI><a href="#[14a]">&gt;&gt;</a>&nbsp;&nbsp;&nbsp;adc_disable (via Veneer)
</UL>

<P><STRONG><a name="[15c]"></a>NVIC_EnableIRQ</STRONG> (Thumb, 0 bytes, Stack size 0 bytes, syscall.txt(ABSOLUTE))
<BR><BR>[Called By]<UL><LI><a href="#[338]">&gt;&gt;</a>&nbsp;&nbsp;&nbsp;user_entry_after_sleep_imp (via Veneer)
<LI><a href="#[166]">&gt;&gt;</a>&nbsp;&nbsp;&nbsp;user_entry_before_ble_init (via Veneer)
<LI><a href="#[149]">&gt;&gt;</a>&nbsp;&nbsp;&nbsp;app_main (via Veneer)
</UL>

<P><STRONG><a name="[15b]"></a>NVIC_SetPriority</STRONG> (Thumb, 0 bytes, Stack size 0 bytes, syscall.txt(ABSOLUTE))
<BR><BR>[Called By]<UL><LI><a href="#[142]">&gt;&gt;</a>&nbsp;&nbsp;&nbsp;vPortSuppressTicksAndSleep_patch (via Veneer)
<LI><a href="#[149]">&gt;&gt;</a>&nbsp;&nbsp;&nbsp;app_main (via Veneer)
</UL>

<P><STRONG><a name="[12f]"></a>SysTick_Handler</STRONG> (Thumb, 0 bytes, Stack size 0 bytes, syscall.txt(ABSOLUTE), UNUSED)
<BR>[Address Reference Count : 1]<UL><LI> app_boot_vectors.o(RESET)
</UL>
<P><STRONG><a name="[397]"></a>aes_alloc</STRONG> (Thumb, 0 bytes, Stack size 0 bytes, syscall.txt(ABSOLUTE), UNUSED)
<BR><BR>[Called By]<UL></UL>

<P><STRONG><a name="[42a]"></a>aes_ccm</STRONG> (Thumb, 0 bytes, Stack size 0 bytes, syscall.txt(ABSOLUTE), UNUSED)
<BR><BR>[Called By]<UL></UL>

<P><STRONG><a name="[42c]"></a>aes_cmac</STRONG> (Thumb, 0 bytes, Stack size 0 bytes, syscall.txt(ABSOLUTE), UNUSED)
<BR><BR>[Called By]<UL></UL>

<P><STRONG><a name="[28e]"></a>aes_encrypt</STRONG> (Thumb, 0 bytes, Stack size 0 bytes, syscall.txt(ABSOLUTE))
<BR><BR>[Called By]<UL><LI><a href="#[28d]">&gt;&gt;</a>&nbsp;&nbsp;&nbsp;gapm_smp_encrypt_req (via Veneer)
</UL>

<P><STRONG><a name="[43a]"></a>aes_init</STRONG> (Thumb, 0 bytes, Stack size 0 bytes, syscall.txt(ABSOLUTE), UNUSED)
<BR><BR>[Called By]<UL></UL>

<P><STRONG><a name="[42e]"></a>aes_k1</STRONG> (Thumb, 0 bytes, Stack size 0 bytes, syscall.txt(ABSOLUTE), UNUSED)
<BR><BR>[Called By]<UL></UL>

<P><STRONG><a name="[430]"></a>aes_k2</STRONG> (Thumb, 0 bytes, Stack size 0 bytes, syscall.txt(ABSOLUTE), UNUSED)
<BR><BR>[Called By]<UL></UL>

<P><STRONG><a name="[432]"></a>aes_k3</STRONG> (Thumb, 0 bytes, Stack size 0 bytes, syscall.txt(ABSOLUTE), UNUSED)
<BR><BR>[Called By]<UL></UL>

<P><STRONG><a name="[434]"></a>aes_k4</STRONG> (Thumb, 0 bytes, Stack size 0 bytes, syscall.txt(ABSOLUTE), UNUSED)
<BR><BR>[Called By]<UL></UL>

<P><STRONG><a name="[28f]"></a>aes_rand</STRONG> (Thumb, 0 bytes, Stack size 0 bytes, syscall.txt(ABSOLUTE))
<BR><BR>[Called By]<UL><LI><a href="#[262]">&gt;&gt;</a>&nbsp;&nbsp;&nbsp;gapm_smp_rand_req (via Veneer)
</UL>

<P><STRONG><a name="[3f6]"></a>aes_result_handler</STRONG> (Thumb, 0 bytes, Stack size 0 bytes, syscall.txt(ABSOLUTE), UNUSED)
<BR><BR>[Called By]<UL></UL>

<P><STRONG><a name="[437]"></a>aes_s1</STRONG> (Thumb, 0 bytes, Stack size 0 bytes, syscall.txt(ABSOLUTE), UNUSED)
<BR><BR>[Called By]<UL></UL>

<P><STRONG><a name="[398]"></a>aes_start</STRONG> (Thumb, 0 bytes, Stack size 0 bytes, syscall.txt(ABSOLUTE), UNUSED)
<BR><BR>[Called By]<UL></UL>

<P><STRONG><a name="[158]"></a>app_boot_get_storage_type</STRONG> (Thumb, 0 bytes, Stack size 0 bytes, syscall.txt(ABSOLUTE))
<BR><BR>[Called By]<UL><LI><a href="#[149]">&gt;&gt;</a>&nbsp;&nbsp;&nbsp;app_main (via Veneer)
</UL>

<P><STRONG><a name="[380]"></a>app_boot_host_comm</STRONG> (Thumb, 0 bytes, Stack size 0 bytes, syscall.txt(ABSOLUTE), UNUSED)
<BR><BR>[Called By]<UL><LI><a href="#[37f]">&gt;&gt;</a>&nbsp;&nbsp;&nbsp;retry_handshake (via Veneer)
</UL>

<P><STRONG><a name="[39a]"></a>app_boot_load_data</STRONG> (Thumb, 0 bytes, Stack size 0 bytes, syscall.txt(ABSOLUTE), UNUSED)
<BR><BR>[Called By]<UL></UL>

<P><STRONG><a name="[2d4]"></a>ble_util_buf_acl_tx_alloc</STRONG> (Thumb, 0 bytes, Stack size 0 bytes, syscall.txt(ABSOLUTE))
<BR><BR>[Called By]<UL><LI><a href="#[389]">&gt;&gt;</a>&nbsp;&nbsp;&nbsp;calib_lld_send (via Veneer)
<LI><a href="#[2d3]">&gt;&gt;</a>&nbsp;&nbsp;&nbsp;l2cc_data_send (via Veneer)
</UL>

<P><STRONG><a name="[2d7]"></a>ble_util_buf_acl_tx_free</STRONG> (Thumb, 0 bytes, Stack size 0 bytes, syscall.txt(ABSOLUTE))
<BR><BR>[Called By]<UL><LI><a href="#[377]">&gt;&gt;</a>&nbsp;&nbsp;&nbsp;calib_lld_evt_end_isr (via Veneer)
<LI><a href="#[38e]">&gt;&gt;</a>&nbsp;&nbsp;&nbsp;calib_lld_cancel (via Veneer)
<LI><a href="#[2d3]">&gt;&gt;</a>&nbsp;&nbsp;&nbsp;l2cc_data_send (via Veneer)
</UL>

<P><STRONG><a name="[2e7]"></a>ble_util_buf_adv_tx_free</STRONG> (Thumb, 0 bytes, Stack size 0 bytes, syscall.txt(ABSOLUTE))
<BR><BR>[Called By]<UL><LI><a href="#[144]">&gt;&gt;</a>&nbsp;&nbsp;&nbsp;llc_patch_1 (via Veneer)
</UL>

<P><STRONG><a name="[2c3]"></a>ble_util_buf_init_env</STRONG> (Thumb, 0 bytes, Stack size 0 bytes, syscall.txt(ABSOLUTE))
<BR><BR>[Called By]<UL><LI><a href="#[2c1]">&gt;&gt;</a>&nbsp;&nbsp;&nbsp;initial_static_memory (via Veneer)
</UL>

<P><STRONG><a name="[2b7]"></a>ble_util_buf_rx_free</STRONG> (Thumb, 0 bytes, Stack size 0 bytes, syscall.txt(ABSOLUTE))
<BR><BR>[Called By]<UL><LI><a href="#[db]">&gt;&gt;</a>&nbsp;&nbsp;&nbsp;hci_acl_data_handler (via Veneer)
</UL>

<P><STRONG><a name="[272]"></a>co_list_extract</STRONG> (Thumb, 0 bytes, Stack size 0 bytes, syscall.txt(ABSOLUTE))
<BR><BR>[Called By]<UL><LI><a href="#[2c9]">&gt;&gt;</a>&nbsp;&nbsp;&nbsp;l2cc_lecb_free (via Veneer)
<LI><a href="#[bc]">&gt;&gt;</a>&nbsp;&nbsp;&nbsp;gattc_reg_to_peer_evt_cmd_handler (via Veneer)
<LI><a href="#[a6]">&gt;&gt;</a>&nbsp;&nbsp;&nbsp;gapm_lepsm_unregister_cmd_handler (via Veneer)
</UL>

<P><STRONG><a name="[421]"></a>co_list_find</STRONG> (Thumb, 0 bytes, Stack size 0 bytes, syscall.txt(ABSOLUTE), UNUSED)
<BR><BR>[Called By]<UL></UL>

<P><STRONG><a name="[187]"></a>co_list_init</STRONG> (Thumb, 0 bytes, Stack size 0 bytes, syscall.txt(ABSOLUTE))
<BR><BR>[Called By]<UL><LI><a href="#[5]">&gt;&gt;</a>&nbsp;&nbsp;&nbsp;appm_init_imp (via Veneer)
<LI><a href="#[2a5]">&gt;&gt;</a>&nbsp;&nbsp;&nbsp;gattc_create (via Veneer)
<LI><a href="#[265]">&gt;&gt;</a>&nbsp;&nbsp;&nbsp;gapm_init (via Veneer)
<LI><a href="#[2d2]">&gt;&gt;</a>&nbsp;&nbsp;&nbsp;l2cc_create (via Veneer)
<LI><a href="#[1a5]">&gt;&gt;</a>&nbsp;&nbsp;&nbsp;attc_send_read_ind (via Veneer)
</UL>

<P><STRONG><a name="[1d5]"></a>co_list_insert_before</STRONG> (Thumb, 0 bytes, Stack size 0 bytes, syscall.txt(ABSOLUTE))
<BR><BR>[Called By]<UL><LI><a href="#[1d2]">&gt;&gt;</a>&nbsp;&nbsp;&nbsp;atts_store_prep_data (via Veneer)
</UL>

<P><STRONG><a name="[184]"></a>co_list_pop_front</STRONG> (Thumb, 0 bytes, Stack size 0 bytes, syscall.txt(ABSOLUTE))
<BR><BR>[Called By]<UL><LI><a href="#[183]">&gt;&gt;</a>&nbsp;&nbsp;&nbsp;appm_exc_activity_cmp (via Veneer)
<LI><a href="#[36a]">&gt;&gt;</a>&nbsp;&nbsp;&nbsp;sch_arb_event_start_direct (via Veneer)
<LI><a href="#[366]">&gt;&gt;</a>&nbsp;&nbsp;&nbsp;sch_arb_event_start_isr_patch (via Veneer)
<LI><a href="#[1d1]">&gt;&gt;</a>&nbsp;&nbsp;&nbsp;atts_process_pdu (via Veneer)
<LI><a href="#[1c3]">&gt;&gt;</a>&nbsp;&nbsp;&nbsp;atts_clear_rsp_data (via Veneer)
<LI><a href="#[1c1]">&gt;&gt;</a>&nbsp;&nbsp;&nbsp;atts_clear_prep_data (via Veneer)
<LI><a href="#[2a1]">&gt;&gt;</a>&nbsp;&nbsp;&nbsp;gattc_cleanup (via Veneer)
<LI><a href="#[2a2]">&gt;&gt;</a>&nbsp;&nbsp;&nbsp;gattc_operation_cleanup (via Veneer)
<LI><a href="#[266]">&gt;&gt;</a>&nbsp;&nbsp;&nbsp;gapm_le_psm_cleanup (via Veneer)
<LI><a href="#[279]">&gt;&gt;</a>&nbsp;&nbsp;&nbsp;gapm_per_sync_send_adv_report_ind (via Veneer)
<LI><a href="#[2d3]">&gt;&gt;</a>&nbsp;&nbsp;&nbsp;l2cc_data_send (via Veneer)
<LI><a href="#[2d0]">&gt;&gt;</a>&nbsp;&nbsp;&nbsp;l2cc_cleanup (via Veneer)
<LI><a href="#[c5]">&gt;&gt;</a>&nbsp;&nbsp;&nbsp;gattc_write_cfm_handler (via Veneer)
<LI><a href="#[bf]">&gt;&gt;</a>&nbsp;&nbsp;&nbsp;gattc_cmp_evt_handler (via Veneer)
<LI><a href="#[c6]">&gt;&gt;</a>&nbsp;&nbsp;&nbsp;gattc_att_info_cfm_handler (via Veneer)
<LI><a href="#[cd]">&gt;&gt;</a>&nbsp;&nbsp;&nbsp;gapc_cmp_evt_handler (via Veneer)
<LI><a href="#[b3]">&gt;&gt;</a>&nbsp;&nbsp;&nbsp;atts_prepare_write_req (via Veneer)
<LI><a href="#[b4]">&gt;&gt;</a>&nbsp;&nbsp;&nbsp;atts_execute_write_req (via Veneer)
<LI><a href="#[23a]">&gt;&gt;</a>&nbsp;&nbsp;&nbsp;gapm_per_sync_clear_fragments (via Veneer)
<LI><a href="#[117]">&gt;&gt;</a>&nbsp;&nbsp;&nbsp;attc_rd_rsp_handler (via Veneer)
<LI><a href="#[285]">&gt;&gt;</a>&nbsp;&nbsp;&nbsp;gapm_scan_send_adv_report_ind (via Veneer)
<LI><a href="#[282]">&gt;&gt;</a>&nbsp;&nbsp;&nbsp;gapm_scan_clear_fragments (via Veneer)
</UL>

<P><STRONG><a name="[186]"></a>co_list_push_back</STRONG> (Thumb, 0 bytes, Stack size 0 bytes, syscall.txt(ABSOLUTE))
<BR><BR>[Called By]<UL><LI><a href="#[143]">&gt;&gt;</a>&nbsp;&nbsp;&nbsp;adv_tx_free_imp (via Veneer)
<LI><a href="#[366]">&gt;&gt;</a>&nbsp;&nbsp;&nbsp;sch_arb_event_start_isr_patch (via Veneer)
<LI><a href="#[182]">&gt;&gt;</a>&nbsp;&nbsp;&nbsp;appm_execute_activity_cmd (via Veneer)
<LI><a href="#[d2]">&gt;&gt;</a>&nbsp;&nbsp;&nbsp;l2cc_pdu_send_cmd_handler (via Veneer)
<LI><a href="#[d3]">&gt;&gt;</a>&nbsp;&nbsp;&nbsp;l2cc_lecb_sdu_send_cmd_handler (via Veneer)
<LI><a href="#[d4]">&gt;&gt;</a>&nbsp;&nbsp;&nbsp;l2cc_dbg_pdu_send_cmd_handler (via Veneer)
<LI><a href="#[bc]">&gt;&gt;</a>&nbsp;&nbsp;&nbsp;gattc_reg_to_peer_evt_cmd_handler (via Veneer)
<LI><a href="#[c0]">&gt;&gt;</a>&nbsp;&nbsp;&nbsp;gattc_disc_svc_ind_handler (via Veneer)
<LI><a href="#[1cf]">&gt;&gt;</a>&nbsp;&nbsp;&nbsp;atts_l2cc_pdu_recv_handler (via Veneer)
<LI><a href="#[1d2]">&gt;&gt;</a>&nbsp;&nbsp;&nbsp;atts_store_prep_data (via Veneer)
<LI><a href="#[af]">&gt;&gt;</a>&nbsp;&nbsp;&nbsp;atts_read_mult_req (via Veneer)
<LI><a href="#[ab]">&gt;&gt;</a>&nbsp;&nbsp;&nbsp;atts_read_by_type_req (via Veneer)
<LI><a href="#[ac]">&gt;&gt;</a>&nbsp;&nbsp;&nbsp;atts_read_by_grp_type_req (via Veneer)
<LI><a href="#[a9]">&gt;&gt;</a>&nbsp;&nbsp;&nbsp;atts_find_info_req (via Veneer)
<LI><a href="#[aa]">&gt;&gt;</a>&nbsp;&nbsp;&nbsp;atts_find_by_type_req (via Veneer)
<LI><a href="#[82]">&gt;&gt;</a>&nbsp;&nbsp;&nbsp;hci_le_per_adv_report_evt_handler (via Veneer)
<LI><a href="#[a5]">&gt;&gt;</a>&nbsp;&nbsp;&nbsp;gapm_lepsm_register_cmd_handler (via Veneer)
<LI><a href="#[125]">&gt;&gt;</a>&nbsp;&nbsp;&nbsp;l2c_code_le_flow_control_credit_handler (via Veneer)
<LI><a href="#[117]">&gt;&gt;</a>&nbsp;&nbsp;&nbsp;attc_rd_rsp_handler (via Veneer)
<LI><a href="#[115]">&gt;&gt;</a>&nbsp;&nbsp;&nbsp;attc_rd_by_type_rsp_handler (via Veneer)
<LI><a href="#[288]">&gt;&gt;</a>&nbsp;&nbsp;&nbsp;gapm_scan_store_fragment (via Veneer)
</UL>

<P><STRONG><a name="[1d3]"></a>co_list_push_front</STRONG> (Thumb, 0 bytes, Stack size 0 bytes, syscall.txt(ABSOLUTE))
<BR><BR>[Called By]<UL><LI><a href="#[d5]">&gt;&gt;</a>&nbsp;&nbsp;&nbsp;l2cc_lecb_connect_cmd_handler (via Veneer)
<LI><a href="#[bf]">&gt;&gt;</a>&nbsp;&nbsp;&nbsp;gattc_cmp_evt_handler (via Veneer)
<LI><a href="#[b3]">&gt;&gt;</a>&nbsp;&nbsp;&nbsp;atts_prepare_write_req (via Veneer)
<LI><a href="#[123]">&gt;&gt;</a>&nbsp;&nbsp;&nbsp;l2c_code_le_cb_conn_req_handler (via Veneer)
</UL>

<P><STRONG><a name="[1c7]"></a>co_list_size</STRONG> (Thumb, 0 bytes, Stack size 0 bytes, syscall.txt(ABSOLUTE))
<BR><BR>[Called By]<UL><LI><a href="#[259]">&gt;&gt;</a>&nbsp;&nbsp;&nbsp;l2cm_cleanup (via Veneer)
<LI><a href="#[af]">&gt;&gt;</a>&nbsp;&nbsp;&nbsp;atts_read_mult_req (via Veneer)
<LI><a href="#[ab]">&gt;&gt;</a>&nbsp;&nbsp;&nbsp;atts_read_by_type_req (via Veneer)
<LI><a href="#[ac]">&gt;&gt;</a>&nbsp;&nbsp;&nbsp;atts_read_by_grp_type_req (via Veneer)
<LI><a href="#[aa]">&gt;&gt;</a>&nbsp;&nbsp;&nbsp;atts_find_by_type_req (via Veneer)
</UL>

<P><STRONG><a name="[195]"></a>co_printf</STRONG> (Thumb, 0 bytes, Stack size 0 bytes, syscall.txt(ABSOLUTE))
<BR><BR>[Called By]<UL><LI><a href="#[344]">&gt;&gt;</a>&nbsp;&nbsp;&nbsp;onkey_isr_ram (via Veneer)
<LI><a href="#[342]">&gt;&gt;</a>&nbsp;&nbsp;&nbsp;otd_isr_ram (via Veneer)
<LI><a href="#[33f]">&gt;&gt;</a>&nbsp;&nbsp;&nbsp;charge_isr_ram (via Veneer)
<LI><a href="#[34a]">&gt;&gt;</a>&nbsp;&nbsp;&nbsp;wdt_isr_ram (via Veneer)
<LI><a href="#[34c]">&gt;&gt;</a>&nbsp;&nbsp;&nbsp;qdec_isr_ram (via Veneer)
<LI><a href="#[346]">&gt;&gt;</a>&nbsp;&nbsp;&nbsp;pmu_isr_ram_C (via Veneer)
<LI><a href="#[33a]">&gt;&gt;</a>&nbsp;&nbsp;&nbsp;app_otas_crc_cal (via Veneer)
<LI><a href="#[1e2]">&gt;&gt;</a>&nbsp;&nbsp;&nbsp;demo_i2c (via Veneer)
<LI><a href="#[154]">&gt;&gt;</a>&nbsp;&nbsp;&nbsp;user_entry_after_ble_init (via Veneer)
<LI><a href="#[130]">&gt;&gt;</a>&nbsp;&nbsp;&nbsp;rwble_isr_patch (via Veneer)
<LI><a href="#[34e]">&gt;&gt;</a>&nbsp;&nbsp;&nbsp;HardFault_Handler_C (via Veneer)
[...]
<LI><a href="#[32c]">&gt;&gt;</a>&nbsp;&nbsp;&nbsp;smpc_is_sec_mode_reached
<LI><a href="#[322]">&gt;&gt;</a>&nbsp;&nbsp;&nbsp;smpc_get_key_sec_prop
<LI><a href="#[30b]">&gt;&gt;</a>&nbsp;&nbsp;&nbsp;smpc_generate_rand
<LI><a href="#[32d]">&gt;&gt;</a>&nbsp;&nbsp;&nbsp;smpc_check_pairing_feat
<LI><a href="#[315]">&gt;&gt;</a>&nbsp;&nbsp;&nbsp;smpc_check_max_key_size
<LI><a href="#[314]">&gt;&gt;</a>&nbsp;&nbsp;&nbsp;smpc_check_key_distrib
<LI><a href="#[1ef]">&gt;&gt;</a>&nbsp;&nbsp;&nbsp;smpc_pdu_send
<LI><a href="#[1f1]">&gt;&gt;</a>&nbsp;&nbsp;&nbsp;smpc_pairing_end
</UL>
<BR>[Address Reference Count : 1]<UL><LI> smpc_util.o(.constdata)
</UL>
<P><STRONG><a name="[10f]"></a>smpc_recv_public_key_pdu</STRONG> (Thumb, 194 bytes, Stack size 24 bytes, smpc_util.o(i.smpc_recv_public_key_pdu))
<BR><BR>[Stack]<UL><LI>Max Depth = 80<LI>Call Chain = smpc_recv_public_key_pdu &rArr; smpc_pdu_send &rArr; l2cc_pdu_alloc
</UL>
<BR>[Calls]<UL><LI><a href="#[151]">&gt;&gt;</a>&nbsp;&nbsp;&nbsp;__aeabi_memcpy (via Veneer)
<LI><a href="#[195]">&gt;&gt;</a>&nbsp;&nbsp;&nbsp;co_printf (via Veneer)
<LI><a href="#[309]">&gt;&gt;</a>&nbsp;&nbsp;&nbsp;gapm_get_local_public_key
<LI><a href="#[1f0]">&gt;&gt;</a>&nbsp;&nbsp;&nbsp;gapc_get_role
<LI><a href="#[30d]">&gt;&gt;</a>&nbsp;&nbsp;&nbsp;smpc_send_pairing_req_ind
<LI><a href="#[330]">&gt;&gt;</a>&nbsp;&nbsp;&nbsp;smpc_send_gen_dh_key_cmd
<LI><a href="#[30b]">&gt;&gt;</a>&nbsp;&nbsp;&nbsp;smpc_generate_rand
<LI><a href="#[1ef]">&gt;&gt;</a>&nbsp;&nbsp;&nbsp;smpc_pdu_send
</UL>
<BR>[Address Reference Count : 1]<UL><LI> smpc_util.o(.constdata)
</UL>
<P><STRONG><a name="[10e]"></a>smpc_recv_sec_req_pdu</STRONG> (Thumb, 124 bytes, Stack size 24 bytes, smpc_util.o(i.smpc_recv_sec_req_pdu))
<BR><BR>[Stack]<UL><LI>Max Depth = 80<LI>Call Chain = smpc_recv_sec_req_pdu &rArr; smpc_pdu_send &rArr; l2cc_pdu_alloc
</UL>
<BR>[Calls]<UL><LI><a href="#[180]">&gt;&gt;</a>&nbsp;&nbsp;&nbsp;ke_msg_send (via Veneer)
<LI><a href="#[17f]">&gt;&gt;</a>&nbsp;&nbsp;&nbsp;ke_msg_alloc (via Veneer)
<LI><a href="#[32b]">&gt;&gt;</a>&nbsp;&nbsp;&nbsp;gapm_is_legacy_pairing_supp
<LI><a href="#[1f0]">&gt;&gt;</a>&nbsp;&nbsp;&nbsp;gapc_get_role
<LI><a href="#[19d]">&gt;&gt;</a>&nbsp;&nbsp;&nbsp;gapc_get_dest_task
<LI><a href="#[329]">&gt;&gt;</a>&nbsp;&nbsp;&nbsp;smpc_send_pairing_ind
<LI><a href="#[317]">&gt;&gt;</a>&nbsp;&nbsp;&nbsp;smpc_check_repeated_attempts
<LI><a href="#[1ef]">&gt;&gt;</a>&nbsp;&nbsp;&nbsp;smpc_pdu_send
</UL>
<BR>[Address Reference Count : 1]<UL><LI> smpc_util.o(.constdata)
</UL>
<P><STRONG><a name="[10d]"></a>smpc_recv_sign_info_pdu</STRONG> (Thumb, 48 bytes, Stack size 8 bytes, smpc_util.o(i.smpc_recv_sign_info_pdu))
<BR><BR>[Stack]<UL><LI>Max Depth = 128<LI>Call Chain = smpc_recv_sign_info_pdu &rArr; smpc_tkdp_rcp_continue &rArr; smpc_pairing_end &rArr; gapc_send_complete_evt &rArr; gapc_operation_cleanup &rArr; smpc_clear_timeout_timer
</UL>
<BR>[Calls]<UL><LI><a href="#[1f0]">&gt;&gt;</a>&nbsp;&nbsp;&nbsp;gapc_get_role
<LI><a href="#[32f]">&gt;&gt;</a>&nbsp;&nbsp;&nbsp;smpc_tkdp_rcp_continue
<LI><a href="#[329]">&gt;&gt;</a>&nbsp;&nbsp;&nbsp;smpc_send_pairing_ind
</UL>
<BR>[Address Reference Count : 1]<UL><LI> smpc_util.o(.constdata)
</UL>
<P><STRONG><a name="[11c]"></a>attc_err_rsp_handler</STRONG> (Thumb, 14 bytes, Stack size 8 bytes, attc.o(i.attc_err_rsp_handler))
<BR><BR>[Stack]<UL><LI>Max Depth = 48<LI>Call Chain = attc_err_rsp_handler &rArr; gattc_send_complete_evt &rArr; gattc_update_state
</UL>
<BR>[Calls]<UL><LI><a href="#[196]">&gt;&gt;</a>&nbsp;&nbsp;&nbsp;gattc_send_complete_evt
</UL>
<BR>[Address Reference Count : 1]<UL><LI> attc.o(.constdata)
</UL>
<P><STRONG><a name="[112]"></a>attc_exc_mtu_rsp_handler</STRONG> (Thumb, 56 bytes, Stack size 16 bytes, attc.o(i.attc_exc_mtu_rsp_handler))
<BR><BR>[Stack]<UL><LI>Max Depth = 56<LI>Call Chain = attc_exc_mtu_rsp_handler &rArr; gattc_send_complete_evt &rArr; gattc_update_state
</UL>
<BR>[Calls]<UL><LI><a href="#[198]">&gt;&gt;</a>&nbsp;&nbsp;&nbsp;gattc_set_mtu
<LI><a href="#[196]">&gt;&gt;</a>&nbsp;&nbsp;&nbsp;gattc_send_complete_evt
<LI><a href="#[199]">&gt;&gt;</a>&nbsp;&nbsp;&nbsp;gattc_get_operation
<LI><a href="#[197]">&gt;&gt;</a>&nbsp;&nbsp;&nbsp;gapm_get_max_mtu
</UL>
<BR>[Address Reference Count : 1]<UL><LI> attc.o(.constdata)
</UL>
<P><STRONG><a name="[11b]"></a>attc_exe_wr_rsp_handler</STRONG> (Thumb, 56 bytes, Stack size 8 bytes, attc.o(i.attc_exe_wr_rsp_handler))
<BR><BR>[Stack]<UL><LI>Max Depth = 48<LI>Call Chain = attc_exe_wr_rsp_handler &rArr; gattc_send_complete_evt &rArr; gattc_update_state
</UL>
<BR>[Calls]<UL><LI><a href="#[196]">&gt;&gt;</a>&nbsp;&nbsp;&nbsp;gattc_send_complete_evt
<LI><a href="#[19a]">&gt;&gt;</a>&nbsp;&nbsp;&nbsp;gattc_get_operation_ptr
<LI><a href="#[199]">&gt;&gt;</a>&nbsp;&nbsp;&nbsp;gattc_get_operation
</UL>
<BR>[Address Reference Count : 1]<UL><LI> attc.o(.constdata)
</UL>
<P><STRONG><a name="[114]"></a>attc_find_by_type_rsp_handler</STRONG> (Thumb, 172 bytes, Stack size 32 bytes, attc.o(i.attc_find_by_type_rsp_handler))
<BR><BR>[Stack]<UL><LI>Max Depth = 72<LI>Call Chain = attc_find_by_type_rsp_handler &rArr; gattc_send_complete_evt &rArr; gattc_update_state
</UL>
<BR>[Calls]<UL><LI><a href="#[151]">&gt;&gt;</a>&nbsp;&nbsp;&nbsp;__aeabi_memcpy (via Veneer)
<LI><a href="#[180]">&gt;&gt;</a>&nbsp;&nbsp;&nbsp;ke_msg_send (via Veneer)
<LI><a href="#[17f]">&gt;&gt;</a>&nbsp;&nbsp;&nbsp;ke_msg_alloc (via Veneer)
<LI><a href="#[196]">&gt;&gt;</a>&nbsp;&nbsp;&nbsp;gattc_send_complete_evt
<LI><a href="#[19c]">&gt;&gt;</a>&nbsp;&nbsp;&nbsp;gattc_reschedule_operation
<LI><a href="#[19b]">&gt;&gt;</a>&nbsp;&nbsp;&nbsp;gattc_get_requester
<LI><a href="#[19a]">&gt;&gt;</a>&nbsp;&nbsp;&nbsp;gattc_get_operation_ptr
<LI><a href="#[199]">&gt;&gt;</a>&nbsp;&nbsp;&nbsp;gattc_get_operation
</UL>
<BR>[Address Reference Count : 1]<UL><LI> attc.o(.constdata)
</UL>
<P><STRONG><a name="[113]"></a>attc_find_info_rsp_handler</STRONG> (Thumb, 180 bytes, Stack size 32 bytes, attc.o(i.attc_find_info_rsp_handler))
<BR><BR>[Stack]<UL><LI>Max Depth = 72<LI>Call Chain = attc_find_info_rsp_handler &rArr; gattc_send_complete_evt &rArr; gattc_update_state
</UL>
<BR>[Calls]<UL><LI><a href="#[151]">&gt;&gt;</a>&nbsp;&nbsp;&nbsp;__aeabi_memcpy (via Veneer)
<LI><a href="#[180]">&gt;&gt;</a>&nbsp;&nbsp;&nbsp;ke_msg_send (via Veneer)
<LI><a href="#[17f]">&gt;&gt;</a>&nbsp;&nbsp;&nbsp;ke_msg_alloc (via Veneer)
<LI><a href="#[196]">&gt;&gt;</a>&nbsp;&nbsp;&nbsp;gattc_send_complete_evt
<LI><a href="#[19c]">&gt;&gt;</a>&nbsp;&nbsp;&nbsp;gattc_reschedule_operation
<LI><a href="#[19b]">&gt;&gt;</a>&nbsp;&nbsp;&nbsp;gattc_get_requester
<LI><a href="#[19a]">&gt;&gt;</a>&nbsp;&nbsp;&nbsp;gattc_get_operation_ptr
<LI><a href="#[199]">&gt;&gt;</a>&nbsp;&nbsp;&nbsp;gattc_get_operation
</UL>
<BR>[Address Reference Count : 1]<UL><LI> attc.o(.constdata)
</UL>
<P><STRONG><a name="[11d]"></a>attc_hdl_val_ntf_ind_handler</STRONG> (Thumb, 124 bytes, Stack size 16 bytes, attc.o(i.attc_hdl_val_ntf_ind_handler))
<BR><BR>[Stack]<UL><LI>Max Depth = 16<LI>Call Chain = attc_hdl_val_ntf_ind_handler
</UL>
<BR>[Calls]<UL><LI><a href="#[151]">&gt;&gt;</a>&nbsp;&nbsp;&nbsp;__aeabi_memcpy (via Veneer)
<LI><a href="#[180]">&gt;&gt;</a>&nbsp;&nbsp;&nbsp;ke_msg_send (via Veneer)
<LI><a href="#[17f]">&gt;&gt;</a>&nbsp;&nbsp;&nbsp;ke_msg_alloc (via Veneer)
<LI><a href="#[19d]">&gt;&gt;</a>&nbsp;&nbsp;&nbsp;gapc_get_dest_task
</UL>
<BR>[Address Reference Count : 1]<UL><LI> attc.o(.constdata)
</UL>
<P><STRONG><a name="[11a]"></a>attc_prep_wr_rsp_handler</STRONG> (Thumb, 96 bytes, Stack size 16 bytes, attc.o(i.attc_prep_wr_rsp_handler))
<BR><BR>[Stack]<UL><LI>Max Depth = 56<LI>Call Chain = attc_prep_wr_rsp_handler &rArr; gattc_send_complete_evt &rArr; gattc_update_state
</UL>
<BR>[Calls]<UL><LI><a href="#[1a0]">&gt;&gt;</a>&nbsp;&nbsp;&nbsp;memcmp (via Veneer)
<LI><a href="#[196]">&gt;&gt;</a>&nbsp;&nbsp;&nbsp;gattc_send_complete_evt
<LI><a href="#[19c]">&gt;&gt;</a>&nbsp;&nbsp;&nbsp;gattc_reschedule_operation
<LI><a href="#[19a]">&gt;&gt;</a>&nbsp;&nbsp;&nbsp;gattc_get_operation_ptr
<LI><a href="#[199]">&gt;&gt;</a>&nbsp;&nbsp;&nbsp;gattc_get_operation
</UL>
<BR>[Address Reference Count : 1]<UL><LI> attc.o(.constdata)
</UL>
<P><STRONG><a name="[116]"></a>attc_rd_by_grp_type_rsp_handler</STRONG> (Thumb, 242 bytes, Stack size 48 bytes, attc.o(i.attc_rd_by_grp_type_rsp_handler))
<BR><BR>[Stack]<UL><LI>Max Depth = 128<LI>Call Chain = attc_rd_by_grp_type_rsp_handler &rArr; attm_uuid_comp &rArr; attm_convert_to128
</UL>
<BR>[Calls]<UL><LI><a href="#[151]">&gt;&gt;</a>&nbsp;&nbsp;&nbsp;__aeabi_memcpy (via Veneer)
<LI><a href="#[180]">&gt;&gt;</a>&nbsp;&nbsp;&nbsp;ke_msg_send (via Veneer)
<LI><a href="#[17f]">&gt;&gt;</a>&nbsp;&nbsp;&nbsp;ke_msg_alloc (via Veneer)
<LI><a href="#[196]">&gt;&gt;</a>&nbsp;&nbsp;&nbsp;gattc_send_complete_evt
<LI><a href="#[19c]">&gt;&gt;</a>&nbsp;&nbsp;&nbsp;gattc_reschedule_operation
<LI><a href="#[19b]">&gt;&gt;</a>&nbsp;&nbsp;&nbsp;gattc_get_requester
<LI><a href="#[19a]">&gt;&gt;</a>&nbsp;&nbsp;&nbsp;gattc_get_operation_ptr
<LI><a href="#[199]">&gt;&gt;</a>&nbsp;&nbsp;&nbsp;gattc_get_operation
<LI><a href="#[1a1]">&gt;&gt;</a>&nbsp;&nbsp;&nbsp;attm_uuid_comp
</UL>
<BR>[Address Reference Count : 1]<UL><LI> attc.o(.constdata)
</UL>
<P><STRONG><a name="[115]"></a>attc_rd_by_type_rsp_handler</STRONG> (Thumb, 616 bytes, Stack size 48 bytes, attc.o(i.attc_rd_by_type_rsp_handler))
<BR><BR>[Stack]<UL><LI>Max Depth = 128<LI>Call Chain = attc_rd_by_type_rsp_handler &rArr; attm_uuid_comp &rArr; attm_convert_to128
</UL>
<BR>[Calls]<UL><LI><a href="#[151]">&gt;&gt;</a>&nbsp;&nbsp;&nbsp;__aeabi_memcpy (via Veneer)
<LI><a href="#[180]">&gt;&gt;</a>&nbsp;&nbsp;&nbsp;ke_msg_send (via Veneer)
<LI><a href="#[17f]">&gt;&gt;</a>&nbsp;&nbsp;&nbsp;ke_msg_alloc (via Veneer)
<LI><a href="#[186]">&gt;&gt;</a>&nbsp;&nbsp;&nbsp;co_list_push_back (via Veneer)
<LI><a href="#[1a4]">&gt;&gt;</a>&nbsp;&nbsp;&nbsp;gattc_get_mtu
<LI><a href="#[196]">&gt;&gt;</a>&nbsp;&nbsp;&nbsp;gattc_send_complete_evt
<LI><a href="#[19c]">&gt;&gt;</a>&nbsp;&nbsp;&nbsp;gattc_reschedule_operation
<LI><a href="#[19b]">&gt;&gt;</a>&nbsp;&nbsp;&nbsp;gattc_get_requester
<LI><a href="#[19a]">&gt;&gt;</a>&nbsp;&nbsp;&nbsp;gattc_get_operation_ptr
<LI><a href="#[199]">&gt;&gt;</a>&nbsp;&nbsp;&nbsp;gattc_get_operation
<LI><a href="#[1a1]">&gt;&gt;</a>&nbsp;&nbsp;&nbsp;attm_uuid_comp
<LI><a href="#[1a3]">&gt;&gt;</a>&nbsp;&nbsp;&nbsp;attc_send_att_req
<LI><a href="#[1a2]">&gt;&gt;</a>&nbsp;&nbsp;&nbsp;l2cc_pdu_alloc
</UL>
<BR>[Address Reference Count : 1]<UL><LI> attc.o(.constdata)
</UL>
<P><STRONG><a name="[118]"></a>attc_rd_mult_rsp_handler</STRONG> (Thumb, 182 bytes, Stack size 40 bytes, attc.o(i.attc_rd_mult_rsp_handler))
<BR><BR>[Stack]<UL><LI>Max Depth = 80<LI>Call Chain = attc_rd_mult_rsp_handler &rArr; gattc_send_complete_evt &rArr; gattc_update_state
</UL>
<BR>[Calls]<UL><LI><a href="#[151]">&gt;&gt;</a>&nbsp;&nbsp;&nbsp;__aeabi_memcpy (via Veneer)
<LI><a href="#[180]">&gt;&gt;</a>&nbsp;&nbsp;&nbsp;ke_msg_send (via Veneer)
<LI><a href="#[17f]">&gt;&gt;</a>&nbsp;&nbsp;&nbsp;ke_msg_alloc (via Veneer)
<LI><a href="#[196]">&gt;&gt;</a>&nbsp;&nbsp;&nbsp;gattc_send_complete_evt
<LI><a href="#[19b]">&gt;&gt;</a>&nbsp;&nbsp;&nbsp;gattc_get_requester
<LI><a href="#[19a]">&gt;&gt;</a>&nbsp;&nbsp;&nbsp;gattc_get_operation_ptr
<LI><a href="#[199]">&gt;&gt;</a>&nbsp;&nbsp;&nbsp;gattc_get_operation
</UL>
<BR>[Address Reference Count : 1]<UL><LI> attc.o(.constdata)
</UL>
<P><STRONG><a name="[117]"></a>attc_rd_rsp_handler</STRONG> (Thumb, 256 bytes, Stack size 24 bytes, attc.o(i.attc_rd_rsp_handler))
<BR><BR>[Stack]<UL><LI>Max Depth = 64<LI>Call Chain = attc_rd_rsp_handler &rArr; gattc_send_complete_evt &rArr; gattc_update_state
</UL>
<BR>[Calls]<UL><LI><a href="#[151]">&gt;&gt;</a>&nbsp;&nbsp;&nbsp;__aeabi_memcpy (via Veneer)
<LI><a href="#[180]">&gt;&gt;</a>&nbsp;&nbsp;&nbsp;ke_msg_send (via Veneer)
<LI><a href="#[186]">&gt;&gt;</a>&nbsp;&nbsp;&nbsp;co_list_push_back (via Veneer)
<LI><a href="#[184]">&gt;&gt;</a>&nbsp;&nbsp;&nbsp;co_list_pop_front (via Veneer)
<LI><a href="#[1a4]">&gt;&gt;</a>&nbsp;&nbsp;&nbsp;gattc_get_mtu
<LI><a href="#[196]">&gt;&gt;</a>&nbsp;&nbsp;&nbsp;gattc_send_complete_evt
<LI><a href="#[19c]">&gt;&gt;</a>&nbsp;&nbsp;&nbsp;gattc_reschedule_operation
<LI><a href="#[19a]">&gt;&gt;</a>&nbsp;&nbsp;&nbsp;gattc_get_operation_ptr
<LI><a href="#[199]">&gt;&gt;</a>&nbsp;&nbsp;&nbsp;gattc_get_operation
<LI><a href="#[1a5]">&gt;&gt;</a>&nbsp;&nbsp;&nbsp;attc_send_read_ind
</UL>
<BR>[Address Reference Count : 1]<UL><LI> attc.o(.constdata)
</UL>
<P><STRONG><a name="[119]"></a>attc_wr_rsp_handler</STRONG> (Thumb, 32 bytes, Stack size 8 bytes, attc.o(i.attc_wr_rsp_handler))
<BR><BR>[Stack]<UL><LI>Max Depth = 48<LI>Call Chain = attc_wr_rsp_handler &rArr; gattc_send_complete_evt &rArr; gattc_update_state
</UL>
<BR>[Calls]<UL><LI><a href="#[196]">&gt;&gt;</a>&nbsp;&nbsp;&nbsp;gattc_send_complete_evt
<LI><a href="#[199]">&gt;&gt;</a>&nbsp;&nbsp;&nbsp;gattc_get_operation
</UL>
<BR>[Address Reference Count : 1]<UL><LI> attc.o(.constdata)
</UL>
<P><STRONG><a name="[11f]"></a>l2c_code_conn_param_upd_req_handler</STRONG> (Thumb, 60 bytes, Stack size 24 bytes, l2cc_sig.o(i.l2c_code_conn_param_upd_req_handler))
<BR><BR>[Stack]<UL><LI>Max Depth = 72<LI>Call Chain = l2c_code_conn_param_upd_req_handler &rArr; l2cc_sig_send_cmd_reject &rArr; l2cc_pdu_alloc
</UL>
<BR>[Calls]<UL><LI><a href="#[227]">&gt;&gt;</a>&nbsp;&nbsp;&nbsp;ke_msg_forward (via Veneer)
<LI><a href="#[1f0]">&gt;&gt;</a>&nbsp;&nbsp;&nbsp;gapc_get_role
<LI><a href="#[2c7]">&gt;&gt;</a>&nbsp;&nbsp;&nbsp;l2cc_sig_send_cmd_reject
</UL>
<BR>[Address Reference Count : 1]<UL><LI> l2cc_sig.o(.constdata)
</UL>
<P><STRONG><a name="[120]"></a>l2c_code_conn_param_upd_resp_handler</STRONG> (Thumb, 58 bytes, Stack size 24 bytes, l2cc_sig.o(i.l2c_code_conn_param_upd_resp_handler))
<BR><BR>[Stack]<UL><LI>Max Depth = 72<LI>Call Chain = l2c_code_conn_param_upd_resp_handler &rArr; l2cc_sig_send_cmd_reject &rArr; l2cc_pdu_alloc
</UL>
<BR>[Calls]<UL><LI><a href="#[227]">&gt;&gt;</a>&nbsp;&nbsp;&nbsp;ke_msg_forward (via Veneer)
<LI><a href="#[1f0]">&gt;&gt;</a>&nbsp;&nbsp;&nbsp;gapc_get_role
<LI><a href="#[2c7]">&gt;&gt;</a>&nbsp;&nbsp;&nbsp;l2cc_sig_send_cmd_reject
</UL>
<BR>[Address Reference Count : 1]<UL><LI> l2cc_sig.o(.constdata)
</UL>
<P><STRONG><a name="[121]"></a>l2c_code_disconnection_req_handler</STRONG> (Thumb, 62 bytes, Stack size 16 bytes, l2cc_sig.o(i.l2c_code_disconnection_req_handler))
<BR><BR>[Stack]<UL><LI>Max Depth = 80<LI>Call Chain = l2c_code_disconnection_req_handler &rArr; l2cc_lecb_free &rArr; l2cc_send_cmp_evt
</UL>
<BR>[Calls]<UL><LI><a href="#[2c9]">&gt;&gt;</a>&nbsp;&nbsp;&nbsp;l2cc_lecb_free
<LI><a href="#[2b5]">&gt;&gt;</a>&nbsp;&nbsp;&nbsp;l2cc_lecb_find
<LI><a href="#[2c8]">&gt;&gt;</a>&nbsp;&nbsp;&nbsp;l2cc_lecb_send_disc_rsp
</UL>
<BR>[Address Reference Count : 1]<UL><LI> l2cc_sig.o(.constdata)
</UL>
<P><STRONG><a name="[122]"></a>l2c_code_disconnection_resp_handler</STRONG> (Thumb, 82 bytes, Stack size 16 bytes, l2cc_sig.o(i.l2c_code_disconnection_resp_handler))
<BR><BR>[Stack]<UL><LI>Max Depth = 80<LI>Call Chain = l2c_code_disconnection_resp_handler &rArr; l2cc_lecb_free &rArr; l2cc_send_cmp_evt
</UL>
<BR>[Calls]<UL><LI><a href="#[19f]">&gt;&gt;</a>&nbsp;&nbsp;&nbsp;ke_timer_clear (via Veneer)
<LI><a href="#[2cb]">&gt;&gt;</a>&nbsp;&nbsp;&nbsp;l2cc_op_complete
<LI><a href="#[2c9]">&gt;&gt;</a>&nbsp;&nbsp;&nbsp;l2cc_lecb_free
<LI><a href="#[2b5]">&gt;&gt;</a>&nbsp;&nbsp;&nbsp;l2cc_lecb_find
<LI><a href="#[2ca]">&gt;&gt;</a>&nbsp;&nbsp;&nbsp;l2cc_get_operation_ptr
</UL>
<BR>[Address Reference Count : 1]<UL><LI> l2cc_sig.o(.constdata)
</UL>
<P><STRONG><a name="[123]"></a>l2c_code_le_cb_conn_req_handler</STRONG> (Thumb, 356 bytes, Stack size 56 bytes, l2cc_sig.o(i.l2c_code_le_cb_conn_req_handler))
<BR><BR>[Stack]<UL><LI>Max Depth = 104<LI>Call Chain = l2c_code_le_cb_conn_req_handler &rArr; l2cc_lecb_send_con_rsp &rArr; l2cc_pdu_alloc
</UL>
<BR>[Calls]<UL><LI><a href="#[185]">&gt;&gt;</a>&nbsp;&nbsp;&nbsp;ke_malloc (via Veneer)
<LI><a href="#[180]">&gt;&gt;</a>&nbsp;&nbsp;&nbsp;ke_msg_send (via Veneer)
<LI><a href="#[17f]">&gt;&gt;</a>&nbsp;&nbsp;&nbsp;ke_msg_alloc (via Veneer)
<LI><a href="#[1d3]">&gt;&gt;</a>&nbsp;&nbsp;&nbsp;co_list_push_front (via Veneer)
<LI><a href="#[270]">&gt;&gt;</a>&nbsp;&nbsp;&nbsp;gapm_lecb_register
<LI><a href="#[26e]">&gt;&gt;</a>&nbsp;&nbsp;&nbsp;gapm_le_psm_get_info
<LI><a href="#[1cc]">&gt;&gt;</a>&nbsp;&nbsp;&nbsp;gapc_lk_sec_lvl_get
<LI><a href="#[1cd]">&gt;&gt;</a>&nbsp;&nbsp;&nbsp;gapc_is_sec_set
<LI><a href="#[1ce]">&gt;&gt;</a>&nbsp;&nbsp;&nbsp;gapc_enc_keysize_get
<LI><a href="#[2cd]">&gt;&gt;</a>&nbsp;&nbsp;&nbsp;l2cc_lecb_send_con_rsp
<LI><a href="#[2cc]">&gt;&gt;</a>&nbsp;&nbsp;&nbsp;l2cc_lecb_h2l_err
<LI><a href="#[2b5]">&gt;&gt;</a>&nbsp;&nbsp;&nbsp;l2cc_lecb_find
</UL>
<BR>[Address Reference Count : 1]<UL><LI> l2cc_sig.o(.constdata)
</UL>
<P><STRONG><a name="[124]"></a>l2c_code_le_cb_conn_resp_handler</STRONG> (Thumb, 254 bytes, Stack size 24 bytes, l2cc_sig.o(i.l2c_code_le_cb_conn_resp_handler))
<BR><BR>[Stack]<UL><LI>Max Depth = 88<LI>Call Chain = l2c_code_le_cb_conn_resp_handler &rArr; l2cc_lecb_free &rArr; l2cc_send_cmp_evt
</UL>
<BR>[Calls]<UL><LI><a href="#[19f]">&gt;&gt;</a>&nbsp;&nbsp;&nbsp;ke_timer_clear (via Veneer)
<LI><a href="#[180]">&gt;&gt;</a>&nbsp;&nbsp;&nbsp;ke_msg_send (via Veneer)
<LI><a href="#[17f]">&gt;&gt;</a>&nbsp;&nbsp;&nbsp;ke_msg_alloc (via Veneer)
<LI><a href="#[2cb]">&gt;&gt;</a>&nbsp;&nbsp;&nbsp;l2cc_op_complete
<LI><a href="#[2c9]">&gt;&gt;</a>&nbsp;&nbsp;&nbsp;l2cc_lecb_free
<LI><a href="#[2b5]">&gt;&gt;</a>&nbsp;&nbsp;&nbsp;l2cc_lecb_find
<LI><a href="#[2ca]">&gt;&gt;</a>&nbsp;&nbsp;&nbsp;l2cc_get_operation_ptr
</UL>
<BR>[Address Reference Count : 1]<UL><LI> l2cc_sig.o(.constdata)
</UL>
<P><STRONG><a name="[125]"></a>l2c_code_le_flow_control_credit_handler</STRONG> (Thumb, 136 bytes, Stack size 16 bytes, l2cc_sig.o(i.l2c_code_le_flow_control_credit_handler))
<BR><BR>[Stack]<UL><LI>Max Depth = 32<LI>Call Chain = l2c_code_le_flow_control_credit_handler &rArr; l2cm_tx_status
</UL>
<BR>[Calls]<UL><LI><a href="#[180]">&gt;&gt;</a>&nbsp;&nbsp;&nbsp;ke_msg_send (via Veneer)
<LI><a href="#[17f]">&gt;&gt;</a>&nbsp;&nbsp;&nbsp;ke_msg_alloc (via Veneer)
<LI><a href="#[186]">&gt;&gt;</a>&nbsp;&nbsp;&nbsp;co_list_push_back (via Veneer)
<LI><a href="#[2ce]">&gt;&gt;</a>&nbsp;&nbsp;&nbsp;l2cm_tx_status
<LI><a href="#[2b6]">&gt;&gt;</a>&nbsp;&nbsp;&nbsp;l2cc_lecb_init_disconnect
<LI><a href="#[2b5]">&gt;&gt;</a>&nbsp;&nbsp;&nbsp;l2cc_lecb_find
</UL>
<BR>[Address Reference Count : 1]<UL><LI> l2cc_sig.o(.constdata)
</UL>
<P><STRONG><a name="[11e]"></a>l2c_code_reject_handler</STRONG> (Thumb, 198 bytes, Stack size 32 bytes, l2cc_sig.o(i.l2c_code_reject_handler))
<BR><BR>[Stack]<UL><LI>Max Depth = 96<LI>Call Chain = l2c_code_reject_handler &rArr; l2cc_lecb_free &rArr; l2cc_send_cmp_evt
</UL>
<BR>[Calls]<UL><LI><a href="#[19f]">&gt;&gt;</a>&nbsp;&nbsp;&nbsp;ke_timer_clear (via Veneer)
<LI><a href="#[227]">&gt;&gt;</a>&nbsp;&nbsp;&nbsp;ke_msg_forward (via Veneer)
<LI><a href="#[2cb]">&gt;&gt;</a>&nbsp;&nbsp;&nbsp;l2cc_op_complete
<LI><a href="#[2c9]">&gt;&gt;</a>&nbsp;&nbsp;&nbsp;l2cc_lecb_free
<LI><a href="#[2b5]">&gt;&gt;</a>&nbsp;&nbsp;&nbsp;l2cc_lecb_find
<LI><a href="#[2ca]">&gt;&gt;</a>&nbsp;&nbsp;&nbsp;l2cc_get_operation_ptr
<LI><a href="#[2cf]">&gt;&gt;</a>&nbsp;&nbsp;&nbsp;l2cc_get_operation
</UL>
<BR>[Address Reference Count : 1]<UL><LI> l2cc_sig.o(.constdata)
</UL><P>
<H3>
Undefined Global Symbols
</H3><HR></body></html>
