<html>
<body>
<pre>
<h1>µVision Build Log</h1>
<h2>Tool Versions:</h2>
IDE-Version: ¦ÌVision V5.30.0.0
Copyright (C) 2020 ARM Ltd and ARM Germany GmbH. All rights reserved.
License Information: xx panchip, xx, LIC=BL28G-VC5KP-WKJB8-3ZR8F-V6YJQ-MTQ05
 
Tool Versions:
Toolchain:       MDK-ARM Professional  Version: 5.30.0.0
Toolchain Path:  C:\Programs\Keil_v5\ARM\ARMCC\Bin
C Compiler:      Armcc.exe V5.06 update 6 (build 750)
Assembler:       Armasm.exe V5.06 update 6 (build 750)
Linker/Locator:  ArmLink.exe V5.06 update 6 (build 750)
Library Manager: ArmAr.exe V5.06 update 6 (build 750)
Hex Converter:   FromElf.exe V5.06 update 6 (build 750)
CPU DLL:         SARMCM3.DLL V5.30.0.0
Dialog DLL:      DCM.DLL V1.17.3.0
Target DLL:      UL2CM3.DLL V1.163.3.0
Dialog DLL:      TCM.DLL V1.42.0.0
 
<h2>Project:</h2>
D:\2345Downloads\fr801xh--sdk\FR801xH-SDK\examples\none_evm\ble_AT - music\proj\ble_5.0_at.uvprojx
Project File Date:  01/05/2022

<h2>Output:</h2>
*** Using Compiler 'V5.06 update 6 (build 750)', folder: 'C:\Programs\Keil_v5\ARM\ARMCC\Bin'
Build target 'AT_prj'
linking...
.\ble_5_0_host_app.sct(36): warning: L6314W: No section matches pattern *(stack_space).
.\ble_5_0_host_app.sct(56): warning: L6314W: No section matches pattern *(heap_user).
Program Size: Code=89192 RO-data=3540 RW-data=1332 ZI-data=4420  
Finished: 0 information, 2 warning and 0 error messages.
After Build - User command #1: fromelf.exe  --text  -c -o 8010H_AT.txt  Objects/ble_5_stack.axf
After Build - User command #2: fromelf.exe  --bin -o 8010H_AT.bin  Objects/ble_5_stack.axf
".\Objects\ble_5_stack.axf" - 0 Error(s), 2 Warning(s).

<h2>Software Packages used:</h2>

Package Vendor: ARM
                http://www.keil.com/pack/ARM.CMSIS.5.8.0.pack
                ARM.CMSIS.5.8.0
                CMSIS (Common Microcontroller Software Interface Standard)
   * Component: CORE Version: 5.5.0

<h2>Collection of Component include folders:</h2>
  .\RTE\_AT_prj
  C:\Programs\Keil_v5\Arm\Packs\ARM\CMSIS\5.8.0\CMSIS\Core\Include
  C:\Programs\Keil_v5\Arm\Packs\ARM\CMSIS\5.8.0\Device\ARM\ARMCM3\Include

<h2>Collection of Component Files used:</h2>

   * Component: ARM::CMSIS:CORE:5.5.0
Build Time Elapsed:  00:00:00
</pre>
</body>
</html>
